#
# There is insufficient memory for the Java Runtime Environment to continue.
# Native memory allocation (mmap) failed to map 681574400 bytes. Error detail: committing reserved memory.
# Possible reasons:
#   The system is out of physical RAM or swap space
#   This process has exceeded the maximum number of memory mappings (check below
#     for `/proc/sys/vm/max_map_count` and `Total number of mappings`)
#   This process is running with CompressedOops enabled, and the Java Heap may be blocking the growth of the native heap
# Possible solutions:
#   Reduce memory load on the system
#   Increase physical memory or swap space
#   Check if swap backing store is full
#   Decrease Java heap size (-Xmx/-Xms)
#   Decrease number of Java threads
#   Decrease Java thread stack sizes (-Xss)
#   Set larger code cache with -XX:ReservedCodeCacheSize=
#   JVM is running with Zero Based Compressed Oops mode in which the Java heap is
#     placed in the first 32GB address space. The Java Heap base address is the
#     maximum limit for the native heap growth. Please use -XX:HeapBaseMinAddress
#     to set the Java Heap base and to place the Java Heap above 32GB virtual address.
# This output file may be truncated or incomplete.
#
#  Out of Memory Error (os_linux.cpp:3000), pid=2070, tid=2081
#
# JRE version: OpenJDK Runtime Environment Temurin-25.0.4.1+1 (25.0.4.1+1) (build 25.0.4.1+1-LTS)
# Java VM: OpenJDK 64-Bit Server VM Temurin-25.0.4.1+1 (25.0.4.1+1-LTS, mixed mode, sharing, tiered, compressed oops, compressed class ptrs, g1 gc, linux-amd64)
# No core dump will be written. Core dumps have been disabled. To enable core dumping, try "ulimit -c unlimited" before starting Java again
#

---------------  S U M M A R Y ------------

Command Line: -Xmx4g -Dfile.encoding=UTF-8 -Duser.country -Duser.language=en -Duser.variant org.jetbrains.java.decompiler.main.decompiler.ConsoleDecompiler -log=error --decompile-inner --remove-bridge --decompile-generics --ascii-strings --remove-synthetic --include-classpath --ignore-invalid-bytecode --bytecode-source-mapping --dump-code-lines --indent-string=     -cfg=/workspace/build/neoForm/neoFormJoined26.1.2-1/steps/listLibraries/libraries.txt /workspace/build/neoForm/neoFormJoined26.1.2-1/steps/setup/outputs.jar /workspace/build/neoForm/neoFormJoined26.1.2-1/steps/decompile/outputs.jar

Host: Intel(R) Xeon(R) Processor @ 2.50GHz, 2 cores, 2G, Debian GNU/Linux 12 (bookworm)
Time: Tue Sep  1 09:29:55 2026 UTC elapsed time: 6.862675 seconds (0d 0h 0m 6s)

---------------  T H R E A D  ---------------

Current thread (0x00007fc2f40ade30):  VMThread "VM Thread"          [id=2081, stack(0x00007fc2d833f000,0x00007fc2d843f000) (1024K)]

Stack: [0x00007fc2d833f000,0x00007fc2d843f000],  sp=0x00007fc2d843cb30,  free space=1014k
Native frames: (J=compiled Java code, j=interpreted, Vv=VM code, C=native code)
V  [libjvm.so+0x129e155]  VMError::report(outputStream*, bool)+0x2de5  (os_linux.cpp:3000)
V  [libjvm.so+0x12a0f3c]  VMError::report_and_die(int, char const*, char const*, __va_list_tag*, Thread*, unsigned char*, void const*, void const*, char const*, int, unsigned long)+0x2bc
V  [libjvm.so+0x12a1add]
V  [libjvm.so+0x79b38d]
V  [libjvm.so+0xe84a9f]  os::Linux::commit_memory_impl(char*, unsigned long, bool) [clone .part.0]+0xdf
V  [libjvm.so+0xe84ff2]  os::pd_commit_memory_or_exit(char*, unsigned long, unsigned long, bool, char const*)+0x82
V  [libjvm.so+0xe77bbb]  os::commit_memory_or_exit(char*, unsigned long, unsigned long, bool, char const*)+0x1b
V  [libjvm.so+0x9317ab]  G1PageBasedVirtualSpace::commit(unsigned long, unsigned long)+0x10b
V  [libjvm.so+0x949ea7]  G1RegionsLargerThanCommitSizeMapper::commit_regions(unsigned int, unsigned long, WorkerThreads*)+0xa7
V  [libjvm.so+0x91ab66]  G1HeapRegionManager::commit_regions(unsigned int, unsigned long, WorkerThreads*)+0x56
V  [libjvm.so+0x91c75c]  G1HeapRegionManager::expand(unsigned int, unsigned int, WorkerThreads*)+0x2c
V  [libjvm.so+0x91c965]  G1HeapRegionManager::expand_by(unsigned int, WorkerThreads*)+0x75
V  [libjvm.so+0x8cec21]  G1CollectedHeap::expand(unsigned long, WorkerThreads*, double*)+0xb1
V  [libjvm.so+0x8cf4c6]  G1CollectedHeap::expand_heap_after_young_collection()+0x46
V  [libjvm.so+0x9773b6]  G1YoungCollector::post_evacuate_collection_set(G1EvacInfo*, G1ParScanThreadStateSet*)+0x266
V  [libjvm.so+0x977821]  G1YoungCollector::collect()+0x441
V  [libjvm.so+0x8cc4e4]  G1CollectedHeap::do_collection_pause_at_safepoint_helper()+0x104
V  [libjvm.so+0x9744e1]  VM_G1CollectForAllocation::doit()+0x31
V  [libjvm.so+0x12a6f67]  VM_Operation::evaluate()+0x107
V  [libjvm.so+0x12aa5a2]  VMThread::evaluate_operation(VM_Operation*)+0x142
V  [libjvm.so+0x12ab1d7]  VMThread::inner_execute(VM_Operation*)+0x2e7
V  [libjvm.so+0x12ab497]  VMThread::run()+0xb7
V  [libjvm.so+0x1208aef]  Thread::call_run()+0x9f
V  [libjvm.so+0xe82ee6]  thread_native_entry(Thread*)+0xd6
VM_Operation (0x00007fc2fbe927e0): G1CollectForAllocation, mode: safepoint, requested by thread 0x00007fc2f402b710


---------------  P R O C E S S  ---------------

Threads class SMR info:
_java_thread_list=0x00007fc2f40d3ce0, length=10, elements={
0x00007fc2f402b710, 0x00007fc2f40b9620, 0x00007fc2f40bae50, 0x00007fc2f40bc8a0,
0x00007fc2f40be1c0, 0x00007fc2f40bfa40, 0x00007fc2f40c1840, 0x00007fc2f40c3230,
0x00007fc2f40cf6d0, 0x00007fc2f40d29a0
}

Java Threads: ( => current thread )
  0x00007fc2f402b710 JavaThread "main"                              [_thread_blocked, id=2072, stack(0x00007fc2fbd95000,0x00007fc2fbe95000) (1024K)]
  0x00007fc2f40b9620 JavaThread "Reference Handler"          daemon [_thread_blocked, id=2082, stack(0x00007fc2d81e7000,0x00007fc2d82e7000) (1024K)]
  0x00007fc2f40bae50 JavaThread "Finalizer"                  daemon [_thread_blocked, id=2083, stack(0x00007fc2d80e6000,0x00007fc2d81e6000) (1024K)]
  0x00007fc2f40bc8a0 JavaThread "Signal Dispatcher"          daemon [_thread_blocked, id=2084, stack(0x00007fc2aff00000,0x00007fc2b0000000) (1024K)]
  0x00007fc2f40be1c0 JavaThread "Service Thread"             daemon [_thread_blocked, id=2085, stack(0x00007fc2afdff000,0x00007fc2afeff000) (1024K)]
  0x00007fc2f40bfa40 JavaThread "Monitor Deflation Thread"   daemon [_thread_blocked, id=2086, stack(0x00007fc2afcfe000,0x00007fc2afdfe000) (1024K)]
  0x00007fc2f40c1840 JavaThread "C2 CompilerThread0"         daemon [_thread_blocked, id=2087, stack(0x00007fc2afbfd000,0x00007fc2afcfd000) (1024K)]
  0x00007fc2f40c3230 JavaThread "C1 CompilerThread0"         daemon [_thread_blocked, id=2088, stack(0x00007fc2afafc000,0x00007fc2afbfc000) (1024K)]
  0x00007fc2f40cf6d0 JavaThread "Notification Thread"        daemon [_thread_blocked, id=2089, stack(0x00007fc2af9fb000,0x00007fc2afafb000) (1024K)]
  0x00007fc2f40d29a0 JavaThread "Common-Cleaner"             daemon [_thread_blocked, id=2090, stack(0x00007fc2af8fa000,0x00007fc2af9fa000) (1024K)]
Total: 10

Other Threads:
=>0x00007fc2f40ade30 VMThread "VM Thread"                           [id=2081, stack(0x00007fc2d833f000,0x00007fc2d843f000) (1024K)]
  0x00007fc2f409db20 WatcherThread "VM Periodic Task Thread"        [id=2080, stack(0x00007fc2f809e000,0x00007fc2f819e000) (1024K)]
  0x00007fc2f405aef0 WorkerThread "GC Thread#0"                     [id=2074, stack(0x00007fc2fa7d9000,0x00007fc2fa8d9000) (1024K)]
  0x00007fc2b8006470 WorkerThread "GC Thread#1"                     [id=2093, stack(0x00007fc2af7f9000,0x00007fc2af8f9000) (1024K)]
  0x00007fc2f4074740 ConcurrentGCThread "G1 Main Marker"            [id=2075, stack(0x00007fc2fa6d8000,0x00007fc2fa7d8000) (1024K)]
  0x00007fc2f4075910 WorkerThread "G1 Conc#0"                       [id=2076, stack(0x00007fc2fa5d7000,0x00007fc2fa6d7000) (1024K)]
  0x00007fc2f4085c30 ConcurrentGCThread "G1 Refine#0"               [id=2077, stack(0x00007fc2f82d4000,0x00007fc2f83d4000) (1024K)]
  0x00007fc2f4086e20 ConcurrentGCThread "G1 Service"                [id=2078, stack(0x00007fc2f81d3000,0x00007fc2f82d3000) (1024K)]
Total: 8

Threads with active compile tasks:
C2 CompilerThread0  6872 1868   !   4       java.util.concurrent.ConcurrentHashMap::putVal (432 bytes)
Total: 1

VM state: at safepoint (normal execution)

VM Mutex/Monitor currently owned by a thread:  ([mutex/lock_event])
[0x00007fc2fd76d248] Threads_lock - owner thread: 0x00007fc2f40ade30
[0x00007fc2fd76d0c8] Heap_lock - owner thread: 0x00007fc2f402b710

Heap address: 0x0000000700000000, size: 4096 MB, Compressed Oops mode: Zero based, Oop shift amount: 3

CDS archive(s) mapped at: [0x0000000088000000-0x0000000088d96000-0x0000000088d96000), size 14245888, SharedBaseAddress: 0x0000000088000000, ArchiveRelocationMode: 1.
Compressed class space mapped at: 0x0000000089000000-0x00000000c9000000, reserved size: 1073741824
UseCompressedClassPointers 1, UseCompactObjectHeaders 0
Narrow klass pointer bits 32, Max shift 3
Narrow klass base: 0x0000000088000000, Narrow klass shift: 0
Encoding Range: [0x0000000088000000 - 0x0000000188000000), (4294967296 bytes)
Klass Range:    [0x0000000088001000 - 0x00000000c9000000), (1090514944 bytes)
Klass ID Range:  [4096 - 1090519033) (1090514937)
Protection zone: [0x0000000088000000 - 0x0000000088001000), (4096 bytes)

GC Precious Log:
 CardTable entry size: 512
 Card Set container configuration: InlinePtr #cards 4 size 8 Array Of Cards #cards 16 size 48 Howl #buckets 8 coarsen threshold 3686 Howl Bitmap #cards 512 size 80 coarsen threshold 460 Card regions per heap region 1 cards per card region 4096
 CPUs: 2 total, 2 available
 Memory: 2048M
 Large Page Support: Disabled
 NUMA Support: Disabled
 Compressed Oops: Enabled (Zero based)
 Heap Region Size: 2M
 Heap Min Capacity: 8M
 Heap Initial Capacity: 32M
 Heap Max Capacity: 4G
 Pre-touch: Disabled
 Parallel Workers: 2
 Concurrent Workers: 1
 Concurrent Refinement Workers: 2
 Periodic GC: Disabled

Heap:
 garbage-first heap   total reserved 4194304K, committed 348160K, used 285696K [0x0000000700000000, 0x0000000800000000)
  region size 2048K, 3 young (6144K), 3 survivors (6144K)

Heap Regions: E=young(eden), S=young(survivor), O=old, HS=humongous(starts), HC=humongous(continues), CS=collection set, F=free, TAMS=top-at-mark-start, PB=parsable bottom
|   0|0x0000000700000000, 0x0000000700200000, 0x0000000700200000|100%| O|  |TAMS 0x0000000700200000| PB 0x0000000700000000| Untracked |  0
|   1|0x0000000700200000, 0x0000000700400000, 0x0000000700400000|100%| O|  |TAMS 0x0000000700400000| PB 0x0000000700200000| Untracked |  0
|   2|0x0000000700400000, 0x0000000700600000, 0x0000000700600000|100%| O|  |TAMS 0x0000000700600000| PB 0x0000000700400000| Untracked |  0
|   3|0x0000000700600000, 0x0000000700800000, 0x0000000700800000|100%| O|  |TAMS 0x0000000700800000| PB 0x0000000700600000| Untracked |  0
|   4|0x0000000700800000, 0x0000000700a00000, 0x0000000700a00000|100%| O|  |TAMS 0x0000000700a00000| PB 0x0000000700800000| Untracked |  0
|   5|0x0000000700a00000, 0x0000000700c00000, 0x0000000700c00000|100%| O|  |TAMS 0x0000000700c00000| PB 0x0000000700a00000| Untracked |  0
|   6|0x0000000700c00000, 0x0000000700e00000, 0x0000000700e00000|100%|HS|  |TAMS 0x0000000700e00000| PB 0x0000000700c00000| Complete |  0
|   7|0x0000000700e00000, 0x0000000701000000, 0x0000000701000000|100%| O|  |TAMS 0x0000000701000000| PB 0x0000000700e00000| Untracked |  0
|   8|0x0000000701000000, 0x0000000701200000, 0x0000000701200000|100%| O|  |TAMS 0x0000000701200000| PB 0x0000000701000000| Untracked |  0
|   9|0x0000000701200000, 0x0000000701400000, 0x0000000701400000|100%| O|  |TAMS 0x0000000701400000| PB 0x0000000701200000| Untracked |  0
|  10|0x0000000701400000, 0x0000000701600000, 0x0000000701600000|100%| O|  |TAMS 0x0000000701600000| PB 0x0000000701400000| Untracked |  0
|  11|0x0000000701600000, 0x0000000701800000, 0x0000000701800000|100%|HS|  |TAMS 0x0000000701800000| PB 0x0000000701600000| Complete |  0
|  12|0x0000000701800000, 0x0000000701a00000, 0x0000000701a00000|100%|HC|  |TAMS 0x0000000701a00000| PB 0x0000000701800000| Complete |  0
|  13|0x0000000701a00000, 0x0000000701c00000, 0x0000000701c00000|100%| O|  |TAMS 0x0000000701c00000| PB 0x0000000701a00000| Untracked |  0
|  14|0x0000000701c00000, 0x0000000701e00000, 0x0000000701e00000|100%| O|  |TAMS 0x0000000701e00000| PB 0x0000000701c00000| Untracked |  0
|  15|0x0000000701e00000, 0x0000000702000000, 0x0000000702000000|100%| O|  |TAMS 0x0000000702000000| PB 0x0000000701e00000| Untracked |  0
|  16|0x0000000702000000, 0x0000000702200000, 0x0000000702200000|100%| O|  |TAMS 0x0000000702200000| PB 0x0000000702000000| Untracked |  0
|  17|0x0000000702200000, 0x0000000702400000, 0x0000000702400000|100%| O|  |TAMS 0x0000000702400000| PB 0x0000000702200000| Untracked |  0
|  18|0x0000000702400000, 0x0000000702600000, 0x0000000702600000|100%| O|  |TAMS 0x0000000702600000| PB 0x0000000702400000| Untracked |  0
|  19|0x0000000702600000, 0x0000000702800000, 0x0000000702800000|100%| O|  |TAMS 0x0000000702800000| PB 0x0000000702600000| Untracked |  0
|  20|0x0000000702800000, 0x0000000702a00000, 0x0000000702a00000|100%| O|  |TAMS 0x0000000702a00000| PB 0x0000000702800000| Untracked |  0
|  21|0x0000000702a00000, 0x0000000702c00000, 0x0000000702c00000|100%| O|  |TAMS 0x0000000702c00000| PB 0x0000000702a00000| Untracked |  0
|  22|0x0000000702c00000, 0x0000000702e00000, 0x0000000702e00000|100%| O|  |TAMS 0x0000000702e00000| PB 0x0000000702c00000| Untracked |  0
|  23|0x0000000702e00000, 0x0000000703000000, 0x0000000703000000|100%| O|  |TAMS 0x0000000703000000| PB 0x0000000702e00000| Untracked |  0
|  24|0x0000000703000000, 0x0000000703200000, 0x0000000703200000|100%| O|  |TAMS 0x0000000703200000| PB 0x0000000703000000| Untracked |  0
|  25|0x0000000703200000, 0x0000000703400000, 0x0000000703400000|100%| O|  |TAMS 0x0000000703400000| PB 0x0000000703200000| Untracked |  0
|  26|0x0000000703400000, 0x0000000703600000, 0x0000000703600000|100%| O|  |TAMS 0x0000000703600000| PB 0x0000000703400000| Untracked |  0
|  27|0x0000000703600000, 0x0000000703800000, 0x0000000703800000|100%| O|  |TAMS 0x0000000703800000| PB 0x0000000703600000| Untracked |  0
|  28|0x0000000703800000, 0x0000000703a00000, 0x0000000703a00000|100%| O|  |TAMS 0x0000000703a00000| PB 0x0000000703800000| Untracked |  0
|  29|0x0000000703a00000, 0x0000000703c00000, 0x0000000703c00000|100%| O|  |TAMS 0x0000000703c00000| PB 0x0000000703a00000| Untracked |  0
|  30|0x0000000703c00000, 0x0000000703e00000, 0x0000000703e00000|100%| O|  |TAMS 0x0000000703e00000| PB 0x0000000703c00000| Untracked |  0
|  31|0x0000000703e00000, 0x0000000704000000, 0x0000000704000000|100%| O|  |TAMS 0x0000000704000000| PB 0x0000000703e00000| Untracked |  0
|  32|0x0000000704000000, 0x0000000704200000, 0x0000000704200000|100%| O|  |TAMS 0x0000000704200000| PB 0x0000000704000000| Untracked |  0
|  33|0x0000000704200000, 0x0000000704400000, 0x0000000704400000|100%| O|  |TAMS 0x0000000704400000| PB 0x0000000704200000| Untracked |  0
|  34|0x0000000704400000, 0x0000000704600000, 0x0000000704600000|100%| O|  |TAMS 0x0000000704600000| PB 0x0000000704400000| Untracked |  0
|  35|0x0000000704600000, 0x0000000704800000, 0x0000000704800000|100%| O|  |TAMS 0x0000000704800000| PB 0x0000000704600000| Untracked |  0
|  36|0x0000000704800000, 0x0000000704a00000, 0x0000000704a00000|100%| O|  |TAMS 0x0000000704a00000| PB 0x0000000704800000| Untracked |  0
|  37|0x0000000704a00000, 0x0000000704c00000, 0x0000000704c00000|100%| O|  |TAMS 0x0000000704c00000| PB 0x0000000704a00000| Untracked |  0
|  38|0x0000000704c00000, 0x0000000704e00000, 0x0000000704e00000|100%| O|  |TAMS 0x0000000704e00000| PB 0x0000000704c00000| Untracked |  0
|  39|0x0000000704e00000, 0x0000000705000000, 0x0000000705000000|100%| O|  |TAMS 0x0000000705000000| PB 0x0000000704e00000| Untracked |  0
|  40|0x0000000705000000, 0x0000000705200000, 0x0000000705200000|100%| O|  |TAMS 0x0000000705200000| PB 0x0000000705000000| Untracked |  0
|  41|0x0000000705200000, 0x0000000705400000, 0x0000000705400000|100%| O|  |TAMS 0x0000000705200000| PB 0x0000000705200000| Untracked |  0
|  42|0x0000000705400000, 0x0000000705600000, 0x0000000705600000|100%| O|  |TAMS 0x0000000705600000| PB 0x0000000705400000| Untracked |  0
|  43|0x0000000705600000, 0x0000000705800000, 0x0000000705800000|100%| O|  |TAMS 0x0000000705800000| PB 0x0000000705600000| Untracked |  0
|  44|0x0000000705800000, 0x0000000705a00000, 0x0000000705a00000|100%| O|  |TAMS 0x0000000705a00000| PB 0x0000000705800000| Untracked |  0
|  45|0x0000000705a00000, 0x0000000705c00000, 0x0000000705c00000|100%| O|  |TAMS 0x0000000705c00000| PB 0x0000000705a00000| Untracked |  0
|  46|0x0000000705c00000, 0x0000000705e00000, 0x0000000705e00000|100%| O|  |TAMS 0x0000000705e00000| PB 0x0000000705c00000| Untracked |  0
|  47|0x0000000705e00000, 0x0000000706000000, 0x0000000706000000|100%| O|  |TAMS 0x0000000706000000| PB 0x0000000705e00000| Untracked |  0
|  48|0x0000000706000000, 0x0000000706200000, 0x0000000706200000|100%| O|  |TAMS 0x0000000706200000| PB 0x0000000706000000| Untracked |  0
|  49|0x0000000706200000, 0x0000000706400000, 0x0000000706400000|100%| O|  |TAMS 0x0000000706400000| PB 0x0000000706200000| Untracked |  0
|  50|0x0000000706400000, 0x0000000706600000, 0x0000000706600000|100%| O|  |TAMS 0x0000000706600000| PB 0x0000000706400000| Untracked |  0
|  51|0x0000000706600000, 0x0000000706800000, 0x0000000706800000|100%| O|  |TAMS 0x0000000706800000| PB 0x0000000706600000| Untracked |  0
|  52|0x0000000706800000, 0x0000000706a00000, 0x0000000706a00000|100%| O|  |TAMS 0x0000000706a00000| PB 0x0000000706800000| Untracked |  0
|  53|0x0000000706a00000, 0x0000000706c00000, 0x0000000706c00000|100%| O|  |TAMS 0x0000000706c00000| PB 0x0000000706a00000| Untracked |  0
|  54|0x0000000706c00000, 0x0000000706e00000, 0x0000000706e00000|100%| O|  |TAMS 0x0000000706e00000| PB 0x0000000706c00000| Untracked |  0
|  55|0x0000000706e00000, 0x0000000707000000, 0x0000000707000000|100%| O|  |TAMS 0x0000000707000000| PB 0x0000000706e00000| Untracked |  0
|  56|0x0000000707000000, 0x0000000707200000, 0x0000000707200000|100%| O|  |TAMS 0x0000000707200000| PB 0x0000000707000000| Untracked |  0
|  57|0x0000000707200000, 0x0000000707400000, 0x0000000707400000|100%| O|  |TAMS 0x0000000707400000| PB 0x0000000707200000| Untracked |  0
|  58|0x0000000707400000, 0x0000000707600000, 0x0000000707600000|100%| O|  |TAMS 0x0000000707600000| PB 0x0000000707400000| Untracked |  0
|  59|0x0000000707600000, 0x0000000707800000, 0x0000000707800000|100%| O|  |TAMS 0x0000000707800000| PB 0x0000000707600000| Untracked |  0
|  60|0x0000000707800000, 0x0000000707a00000, 0x0000000707a00000|100%| O|  |TAMS 0x0000000707a00000| PB 0x0000000707800000| Untracked |  0
|  61|0x0000000707a00000, 0x0000000707c00000, 0x0000000707c00000|100%| O|  |TAMS 0x0000000707c00000| PB 0x0000000707a00000| Untracked |  0
|  62|0x0000000707c00000, 0x0000000707e00000, 0x0000000707e00000|100%| O|  |TAMS 0x0000000707e00000| PB 0x0000000707c00000| Untracked |  0
|  63|0x0000000707e00000, 0x0000000708000000, 0x0000000708000000|100%| O|  |TAMS 0x0000000708000000| PB 0x0000000707e00000| Untracked |  0
|  64|0x0000000708000000, 0x0000000708200000, 0x0000000708200000|100%| O|  |TAMS 0x0000000708200000| PB 0x0000000708000000| Untracked |  0
|  65|0x0000000708200000, 0x0000000708400000, 0x0000000708400000|100%| O|  |TAMS 0x0000000708400000| PB 0x0000000708200000| Untracked |  0
|  66|0x0000000708400000, 0x0000000708600000, 0x0000000708600000|100%| O|  |TAMS 0x0000000708600000| PB 0x0000000708400000| Untracked |  0
|  67|0x0000000708600000, 0x0000000708800000, 0x0000000708800000|100%| O|  |TAMS 0x0000000708800000| PB 0x0000000708600000| Untracked |  0
|  68|0x0000000708800000, 0x0000000708a00000, 0x0000000708a00000|100%| O|  |TAMS 0x0000000708a00000| PB 0x0000000708800000| Untracked |  0
|  69|0x0000000708a00000, 0x0000000708c00000, 0x0000000708c00000|100%| O|  |TAMS 0x0000000708c00000| PB 0x0000000708a00000| Untracked |  0
|  70|0x0000000708c00000, 0x0000000708e00000, 0x0000000708e00000|100%| O|  |TAMS 0x0000000708e00000| PB 0x0000000708c00000| Untracked |  0
|  71|0x0000000708e00000, 0x0000000709000000, 0x0000000709000000|100%| O|  |TAMS 0x0000000709000000| PB 0x0000000708e00000| Untracked |  0
|  72|0x0000000709000000, 0x0000000709200000, 0x0000000709200000|100%| O|  |TAMS 0x0000000709200000| PB 0x0000000709000000| Untracked |  0
|  73|0x0000000709200000, 0x0000000709400000, 0x0000000709400000|100%| O|  |TAMS 0x0000000709400000| PB 0x0000000709200000| Untracked |  0
|  74|0x0000000709400000, 0x0000000709600000, 0x0000000709600000|100%| O|  |TAMS 0x0000000709600000| PB 0x0000000709400000| Untracked |  0
|  75|0x0000000709600000, 0x0000000709800000, 0x0000000709800000|100%| O|  |TAMS 0x0000000709800000| PB 0x0000000709600000| Untracked |  0
|  76|0x0000000709800000, 0x0000000709a00000, 0x0000000709a00000|100%| O|  |TAMS 0x0000000709a00000| PB 0x0000000709800000| Untracked |  0
|  77|0x0000000709a00000, 0x0000000709c00000, 0x0000000709c00000|100%| O|  |TAMS 0x0000000709c00000| PB 0x0000000709a00000| Untracked |  0
|  78|0x0000000709c00000, 0x0000000709e00000, 0x0000000709e00000|100%| O|  |TAMS 0x0000000709e00000| PB 0x0000000709c00000| Untracked |  0
|  79|0x0000000709e00000, 0x000000070a000000, 0x000000070a000000|100%| O|  |TAMS 0x000000070a000000| PB 0x0000000709e00000| Untracked |  0
|  80|0x000000070a000000, 0x000000070a200000, 0x000000070a200000|100%| O|  |TAMS 0x000000070a200000| PB 0x000000070a000000| Untracked |  0
|  81|0x000000070a200000, 0x000000070a400000, 0x000000070a400000|100%| O|  |TAMS 0x000000070a400000| PB 0x000000070a200000| Untracked |  0
|  82|0x000000070a400000, 0x000000070a600000, 0x000000070a600000|100%| O|  |TAMS 0x000000070a600000| PB 0x000000070a400000| Untracked |  0
|  83|0x000000070a600000, 0x000000070a800000, 0x000000070a800000|100%| O|  |TAMS 0x000000070a800000| PB 0x000000070a600000| Untracked |  0
|  84|0x000000070a800000, 0x000000070aa00000, 0x000000070aa00000|100%| O|  |TAMS 0x000000070aa00000| PB 0x000000070a800000| Untracked |  0
|  85|0x000000070aa00000, 0x000000070ac00000, 0x000000070ac00000|100%| O|  |TAMS 0x000000070ac00000| PB 0x000000070aa00000| Untracked |  0
|  86|0x000000070ac00000, 0x000000070ae00000, 0x000000070ae00000|100%| O|  |TAMS 0x000000070ae00000| PB 0x000000070ac00000| Untracked |  0
|  87|0x000000070ae00000, 0x000000070b000000, 0x000000070b000000|100%| O|  |TAMS 0x000000070b000000| PB 0x000000070ae00000| Untracked |  0
|  88|0x000000070b000000, 0x000000070b200000, 0x000000070b200000|100%| O|  |TAMS 0x000000070b200000| PB 0x000000070b000000| Untracked |  0
|  89|0x000000070b200000, 0x000000070b400000, 0x000000070b400000|100%| O|  |TAMS 0x000000070b400000| PB 0x000000070b200000| Untracked |  0
|  90|0x000000070b400000, 0x000000070b600000, 0x000000070b600000|100%| O|  |TAMS 0x000000070b600000| PB 0x000000070b400000| Untracked |  0
|  91|0x000000070b600000, 0x000000070b800000, 0x000000070b800000|100%| O|  |TAMS 0x000000070b800000| PB 0x000000070b600000| Untracked |  0
|  92|0x000000070b800000, 0x000000070ba00000, 0x000000070ba00000|100%| O|  |TAMS 0x000000070ba00000| PB 0x000000070b800000| Untracked |  0
|  93|0x000000070ba00000, 0x000000070bc00000, 0x000000070bc00000|100%| O|  |TAMS 0x000000070bc00000| PB 0x000000070ba00000| Untracked |  0
|  94|0x000000070bc00000, 0x000000070be00000, 0x000000070be00000|100%| O|  |TAMS 0x000000070bd00000| PB 0x000000070bc00000| Untracked |  0
|  95|0x000000070be00000, 0x000000070c000000, 0x000000070c000000|100%| O|  |TAMS 0x000000070be00000| PB 0x000000070be00000| Untracked |  0
|  96|0x000000070c000000, 0x000000070c200000, 0x000000070c200000|100%| O|  |TAMS 0x000000070c000000| PB 0x000000070c000000| Untracked |  0
|  97|0x000000070c200000, 0x000000070c400000, 0x000000070c400000|100%| O|  |TAMS 0x000000070c200000| PB 0x000000070c200000| Untracked |  0
|  98|0x000000070c400000, 0x000000070c600000, 0x000000070c600000|100%| O|  |TAMS 0x000000070c400000| PB 0x000000070c400000| Untracked |  0
|  99|0x000000070c600000, 0x000000070c800000, 0x000000070c800000|100%| O|  |TAMS 0x000000070c600000| PB 0x000000070c600000| Untracked |  0
| 100|0x000000070c800000, 0x000000070ca00000, 0x000000070ca00000|100%| O|  |TAMS 0x000000070c800000| PB 0x000000070c800000| Untracked |  0
| 101|0x000000070ca00000, 0x000000070cc00000, 0x000000070cc00000|100%| O|  |TAMS 0x000000070ca00000| PB 0x000000070ca00000| Untracked |  0
| 102|0x000000070cc00000, 0x000000070ce00000, 0x000000070ce00000|100%| O|  |TAMS 0x000000070cc00000| PB 0x000000070cc00000| Untracked |  0
| 103|0x000000070ce00000, 0x000000070d000000, 0x000000070d000000|100%| O|  |TAMS 0x000000070ce00000| PB 0x000000070ce00000| Untracked |  0
| 104|0x000000070d000000, 0x000000070d200000, 0x000000070d200000|100%| O|  |TAMS 0x000000070d000000| PB 0x000000070d000000| Untracked |  0
| 105|0x000000070d200000, 0x000000070d400000, 0x000000070d400000|100%| O|  |TAMS 0x000000070d200000| PB 0x000000070d200000| Untracked |  0
| 106|0x000000070d400000, 0x000000070d600000, 0x000000070d600000|100%| O|  |TAMS 0x000000070d400000| PB 0x000000070d400000| Untracked |  0
| 107|0x000000070d600000, 0x000000070d800000, 0x000000070d800000|100%| O|  |TAMS 0x000000070d600000| PB 0x000000070d600000| Untracked |  0
| 108|0x000000070d800000, 0x000000070da00000, 0x000000070da00000|100%| O|  |TAMS 0x000000070d800000| PB 0x000000070d800000| Untracked |  0
| 109|0x000000070da00000, 0x000000070dc00000, 0x000000070dc00000|100%| O|  |TAMS 0x000000070da00000| PB 0x000000070da00000| Untracked |  0
| 110|0x000000070dc00000, 0x000000070de00000, 0x000000070de00000|100%| O|  |TAMS 0x000000070dc00000| PB 0x000000070dc00000| Untracked |  0
| 111|0x000000070de00000, 0x000000070e000000, 0x000000070e000000|100%| O|  |TAMS 0x000000070de00000| PB 0x000000070de00000| Untracked |  0
| 112|0x000000070e000000, 0x000000070e200000, 0x000000070e200000|100%| O|  |TAMS 0x000000070e000000| PB 0x000000070e000000| Untracked |  0
| 113|0x000000070e200000, 0x000000070e400000, 0x000000070e400000|100%| O|  |TAMS 0x000000070e200000| PB 0x000000070e200000| Untracked |  0
| 114|0x000000070e400000, 0x000000070e600000, 0x000000070e600000|100%| O|  |TAMS 0x000000070e400000| PB 0x000000070e400000| Untracked |  0
| 115|0x000000070e600000, 0x000000070e800000, 0x000000070e800000|100%| O|  |TAMS 0x000000070e600000| PB 0x000000070e600000| Untracked |  0
| 116|0x000000070e800000, 0x000000070ea00000, 0x000000070ea00000|100%| O|  |TAMS 0x000000070e800000| PB 0x000000070e800000| Untracked |  0
| 117|0x000000070ea00000, 0x000000070ec00000, 0x000000070ec00000|100%| O|  |TAMS 0x000000070ea00000| PB 0x000000070ea00000| Untracked |  0
| 118|0x000000070ec00000, 0x000000070ee00000, 0x000000070ee00000|100%| O|  |TAMS 0x000000070ec00000| PB 0x000000070ec00000| Untracked |  0
| 119|0x000000070ee00000, 0x000000070f000000, 0x000000070f000000|100%| O|  |TAMS 0x000000070ee00000| PB 0x000000070ee00000| Untracked |  0
| 120|0x000000070f000000, 0x000000070f200000, 0x000000070f200000|100%| O|  |TAMS 0x000000070f000000| PB 0x000000070f000000| Untracked |  0
| 121|0x000000070f200000, 0x000000070f400000, 0x000000070f400000|100%| O|  |TAMS 0x000000070f200000| PB 0x000000070f200000| Untracked |  0
| 122|0x000000070f400000, 0x000000070f600000, 0x000000070f600000|100%| O|  |TAMS 0x000000070f400000| PB 0x000000070f400000| Untracked |  0
| 123|0x000000070f600000, 0x000000070f800000, 0x000000070f800000|100%| O|  |TAMS 0x000000070f600000| PB 0x000000070f600000| Untracked |  0
| 124|0x000000070f800000, 0x000000070fa00000, 0x000000070fa00000|100%| O|  |TAMS 0x000000070f800000| PB 0x000000070f800000| Untracked |  0
| 125|0x000000070fa00000, 0x000000070fc00000, 0x000000070fc00000|100%| O|  |TAMS 0x000000070fa00000| PB 0x000000070fa00000| Untracked |  0
| 126|0x000000070fc00000, 0x000000070fe00000, 0x000000070fe00000|100%| O|  |TAMS 0x000000070fc00000| PB 0x000000070fc00000| Untracked |  0
| 127|0x000000070fe00000, 0x0000000710000000, 0x0000000710000000|100%| O|  |TAMS 0x000000070fe00000| PB 0x000000070fe00000| Untracked |  0
| 128|0x0000000710000000, 0x0000000710200000, 0x0000000710200000|100%| O|  |TAMS 0x0000000710000000| PB 0x0000000710000000| Untracked |  0
| 129|0x0000000710200000, 0x0000000710400000, 0x0000000710400000|100%| O|  |TAMS 0x0000000710200000| PB 0x0000000710200000| Untracked |  0
| 130|0x0000000710400000, 0x0000000710600000, 0x0000000710600000|100%| O|  |TAMS 0x0000000710400000| PB 0x0000000710400000| Untracked |  0
| 131|0x0000000710600000, 0x0000000710800000, 0x0000000710800000|100%| O|  |TAMS 0x0000000710600000| PB 0x0000000710600000| Untracked |  0
| 132|0x0000000710800000, 0x0000000710a00000, 0x0000000710a00000|100%| O|  |TAMS 0x0000000710800000| PB 0x0000000710800000| Untracked |  0
| 133|0x0000000710a00000, 0x0000000710c00000, 0x0000000710c00000|100%| O|  |TAMS 0x0000000710a00000| PB 0x0000000710a00000| Untracked |  0
| 134|0x0000000710c00000, 0x0000000710d00000, 0x0000000710e00000| 50%| O|  |TAMS 0x0000000710c00000| PB 0x0000000710c00000| Untracked |  0
| 135|0x0000000710e00000, 0x0000000710e00000, 0x0000000711000000|  0%| F|  |TAMS 0x0000000710e00000| PB 0x0000000710e00000| Untracked |  0
| 136|0x0000000711000000, 0x0000000711000000, 0x0000000711200000|  0%| F|  |TAMS 0x0000000711000000| PB 0x0000000711000000| Untracked |  0
| 137|0x0000000711200000, 0x0000000711200000, 0x0000000711400000|  0%| F|  |TAMS 0x0000000711200000| PB 0x0000000711200000| Untracked |  0
| 138|0x0000000711400000, 0x0000000711400000, 0x0000000711600000|  0%| F|  |TAMS 0x0000000711400000| PB 0x0000000711400000| Untracked |  0
| 139|0x0000000711600000, 0x0000000711600000, 0x0000000711800000|  0%| F|  |TAMS 0x0000000711600000| PB 0x0000000711600000| Untracked |  0
| 140|0x0000000711800000, 0x0000000711800000, 0x0000000711a00000|  0%| F|  |TAMS 0x0000000711800000| PB 0x0000000711800000| Untracked |  0
| 141|0x0000000711a00000, 0x0000000711a00000, 0x0000000711c00000|  0%| F|  |TAMS 0x0000000711a00000| PB 0x0000000711a00000| Untracked |  0
| 142|0x0000000711c00000, 0x0000000711c00000, 0x0000000711e00000|  0%| F|  |TAMS 0x0000000711c00000| PB 0x0000000711c00000| Untracked |  0
| 143|0x0000000711e00000, 0x0000000711e00000, 0x0000000712000000|  0%| F|  |TAMS 0x0000000711e00000| PB 0x0000000711e00000| Untracked |  0
| 144|0x0000000712000000, 0x0000000712000000, 0x0000000712200000|  0%| F|  |TAMS 0x0000000712000000| PB 0x0000000712000000| Untracked |  0
| 145|0x0000000712200000, 0x0000000712200000, 0x0000000712400000|  0%| F|  |TAMS 0x0000000712200000| PB 0x0000000712200000| Untracked |  0
| 146|0x0000000712400000, 0x0000000712600000, 0x0000000712600000|100%| S|CS|TAMS 0x0000000712400000| PB 0x0000000712400000| Complete |  0
| 147|0x0000000712600000, 0x0000000712800000, 0x0000000712800000|100%| S|CS|TAMS 0x0000000712600000| PB 0x0000000712600000| Complete |  0
| 148|0x0000000712800000, 0x0000000712a00000, 0x0000000712a00000|100%| S|CS|TAMS 0x0000000712800000| PB 0x0000000712800000| Complete |  0
| 149|0x0000000712a00000, 0x0000000712a00000, 0x0000000712c00000|  0%| F|  |TAMS 0x0000000712a00000| PB 0x0000000712a00000| Untracked |  0
| 150|0x0000000712c00000, 0x0000000712c00000, 0x0000000712e00000|  0%| F|  |TAMS 0x0000000712c00000| PB 0x0000000712c00000| Untracked |  0
| 151|0x0000000712e00000, 0x0000000712e00000, 0x0000000713000000|  0%| F|  |TAMS 0x0000000712e00000| PB 0x0000000712e00000| Untracked |  0
| 152|0x0000000713000000, 0x0000000713000000, 0x0000000713200000|  0%| F|  |TAMS 0x0000000713000000| PB 0x0000000713000000| Untracked |  0
| 153|0x0000000713200000, 0x0000000713200000, 0x0000000713400000|  0%| F|  |TAMS 0x0000000713200000| PB 0x0000000713200000| Untracked |  0
| 154|0x0000000713400000, 0x0000000713400000, 0x0000000713600000|  0%| F|  |TAMS 0x0000000713400000| PB 0x0000000713400000| Untracked |  0
| 155|0x0000000713600000, 0x0000000713600000, 0x0000000713800000|  0%| F|  |TAMS 0x0000000713600000| PB 0x0000000713600000| Untracked |  0
| 156|0x0000000713800000, 0x0000000713800000, 0x0000000713a00000|  0%| F|  |TAMS 0x0000000713800000| PB 0x0000000713800000| Untracked |  0
| 157|0x0000000713a00000, 0x0000000713a00000, 0x0000000713c00000|  0%| F|  |TAMS 0x0000000713a00000| PB 0x0000000713a00000| Untracked |  0
| 158|0x0000000713c00000, 0x0000000713c00000, 0x0000000713e00000|  0%| F|  |TAMS 0x0000000713c00000| PB 0x0000000713c00000| Untracked |  0
| 159|0x0000000713e00000, 0x0000000713e00000, 0x0000000714000000|  0%| F|  |TAMS 0x0000000713e00000| PB 0x0000000713e00000| Untracked |  0
| 160|0x0000000714000000, 0x0000000714000000, 0x0000000714200000|  0%| F|  |TAMS 0x0000000714000000| PB 0x0000000714000000| Untracked |  0
| 161|0x0000000714200000, 0x0000000714200000, 0x0000000714400000|  0%| F|  |TAMS 0x0000000714200000| PB 0x0000000714200000| Untracked |  0
| 162|0x0000000714400000, 0x0000000714400000, 0x0000000714600000|  0%| F|  |TAMS 0x0000000714400000| PB 0x0000000714400000| Untracked |  0
| 163|0x0000000714600000, 0x0000000714600000, 0x0000000714800000|  0%| F|  |TAMS 0x0000000714600000| PB 0x0000000714600000| Untracked |  0
| 164|0x0000000714800000, 0x0000000714800000, 0x0000000714a00000|  0%| F|  |TAMS 0x0000000714800000| PB 0x0000000714800000| Untracked |  0
| 165|0x0000000714a00000, 0x0000000714a00000, 0x0000000714c00000|  0%| F|  |TAMS 0x0000000714a00000| PB 0x0000000714a00000| Untracked |  0
| 166|0x0000000714c00000, 0x0000000714c00000, 0x0000000714e00000|  0%| F|  |TAMS 0x0000000714c00000| PB 0x0000000714c00000| Untracked |  0
|2045|0x00000007ffa00000, 0x00000007ffc00000, 0x00000007ffc00000|100%| O|  |TAMS 0x00000007ffc00000| PB 0x00000007ffa00000| Untracked |  0
|2046|0x00000007ffc00000, 0x00000007ffe00000, 0x00000007ffe00000|100%| O|  |TAMS 0x00000007ffe00000| PB 0x00000007ffc00000| Untracked |  0
|2047|0x00000007ffe00000, 0x00000007ffe00000, 0x0000000800000000|  0%| F|  |TAMS 0x00000007ffe00000| PB 0x00000007ffe00000| Untracked |  0

Card table byte_map: [0x00007fc2fa93f000,0x00007fc2fb13f000] _byte_map_base: 0x00007fc2f713f000

Marking Bits: (CMBitMap*) 0x00007fc2f405bc40
 Bits: [0x00007fc2d84c0000, 0x00007fc2dc4c0000)

Polling page: 0x00007fc2fd991000

Metaspace:
Metaspace        used 4427K, committed 4672K, reserved 1114112K
 class space     used 452K, committed 576K, reserved 1048576K

Usage:
  Non-class:      3.88 MB used.
      Class:    452.86 KB used.
       Both:      4.32 MB used.

Virtual space:
  Non-class space:       64.00 MB reserved,       4.00 MB (  6%) committed,  1 nodes.
      Class space:        1.00 GB reserved,     576.00 KB ( <1%) committed,  1 nodes.
             Both:        1.06 GB reserved,       4.56 MB ( <1%) committed. 

Chunk freelists:
   Non-Class:  9.83 MB
       Class:  15.42 MB
        Both:  25.25 MB

MaxMetaspaceSize: unlimited
CompressedClassSpaceSize: 1.00 GB
Initial GC threshold: 21.00 MB
Current GC threshold: 21.00 MB
CDS: on
 - commit_granule_bytes: 65536.
 - commit_granule_words: 8192.
 - virtual_space_node_default_size: 8388608.
 - enlarge_chunks_in_place: 1.
UseCompressedClassPointers 1, UseCompactObjectHeaders 0
Narrow klass pointer bits 32, Max shift 3
Narrow klass base: 0x0000000088000000, Narrow klass shift: 0
Encoding Range: [0x0000000088000000 - 0x0000000188000000), (4294967296 bytes)
Klass Range:    [0x0000000088001000 - 0x00000000c9000000), (1090514944 bytes)
Klass ID Range:  [4096 - 1090519033) (1090514937)
Protection zone: [0x0000000088000000 - 0x0000000088001000), (4096 bytes)


Internal statistics:

num_allocs_failed_limit: 0.
num_arena_births: 56.
num_arena_deaths: 0.
num_vsnodes_births: 2.
num_vsnodes_deaths: 0.
num_space_committed: 73.
num_space_uncommitted: 0.
num_chunks_returned_to_freelist: 0.
num_chunks_taken_from_freelist: 197.
num_chunk_merges: 0.
num_chunk_splits: 126.
num_chunks_enlarged: 90.
num_inconsistent_stats: 0.

CodeHeap 'non-profiled nmethods': size=120036Kb used=931Kb max_used=931Kb free=119104Kb
 bounds [0x00007fc2e3f88000, 0x00007fc2e41f8000, 0x00007fc2eb4c1000]
CodeHeap 'profiled nmethods': size=120036Kb used=2673Kb max_used=2673Kb free=117362Kb
 bounds [0x00007fc2dc4c0000, 0x00007fc2dc760000, 0x00007fc2e39f9000]
CodeHeap 'non-nmethods': size=5692Kb used=1504Kb max_used=1588Kb free=4188Kb
 bounds [0x00007fc2e39f9000, 0x00007fc2e3c69000, 0x00007fc2e3f88000]
CodeCache: size=245764Kb, used=5108Kb, max_used=5192Kb, free=240654Kb
 total_blobs=2336, nmethods=1863, adapters=378, full_count=0
Compilation: enabled, stopped_count=0, restarted_count=0

Compilation events (20 events):
Event: 6.752 Thread 0x00007fc2f40c1840 nmethod 1848 0x00007fc2e406db88 code [0x00007fc2e406dc80, 0x00007fc2e406de50]
Event: 6.752 Thread 0x00007fc2f40c1840 1849       4       java.util.stream.FindOps$FindSink$OfRef::get (5 bytes)
Event: 6.753 Thread 0x00007fc2f40c1840 nmethod 1849 0x00007fc2e406de88 code [0x00007fc2e406df80, 0x00007fc2e406e0a8]
Event: 6.753 Thread 0x00007fc2f40c1840 1850       4       java.util.ArrayList$ArrayListSpliterator::estimateSize (11 bytes)
Event: 6.754 Thread 0x00007fc2f40c1840 nmethod 1850 0x00007fc2e406e188 code [0x00007fc2e406e280, 0x00007fc2e406e330]
Event: 6.754 Thread 0x00007fc2f40c1840 1861       4       java.util.zip.Inflater::ensureOpen (47 bytes)
Event: 6.754 Thread 0x00007fc2f40c1840 nmethod 1861 0x00007fc2e406e488 code [0x00007fc2e406e580, 0x00007fc2e406e640]
Event: 6.754 Thread 0x00007fc2f40c1840 1859       4       java.lang.ref.Cleaner$1::apply (9 bytes)
Event: 6.754 Thread 0x00007fc2f40c1840 nmethod 1859 0x00007fc2e406e788 code [0x00007fc2e406e880, 0x00007fc2e406e940]
Event: 6.754 Thread 0x00007fc2f40c1840 1852       4       java.lang.String::indexOf (64 bytes)
Event: 6.755 Thread 0x00007fc2f40c1840 nmethod 1852 0x00007fc2e406ea88 code [0x00007fc2e406eb80, 0x00007fc2e406edd0]
Event: 6.755 Thread 0x00007fc2f40c1840 1853       4       java.lang.StringLatin1::indexOf (25 bytes)
Event: 6.756 Thread 0x00007fc2f40c1840 nmethod 1853 0x00007fc2e406ee08 code [0x00007fc2e406ef00, 0x00007fc2e406f120]
Event: 6.756 Thread 0x00007fc2f40c1840 1863       4       org.jetbrains.java.decompiler.main.DecompilerContext::getOption (10 bytes)
Event: 6.762 Thread 0x00007fc2f40c1840 nmethod 1863 0x00007fc2e406f188 code [0x00007fc2e406f280, 0x00007fc2e406fc98]
Event: 6.762 Thread 0x00007fc2f40c1840 1865       4       org.jetbrains.java.decompiler.struct.attr.StructLocalVariableTableAttribute$$Lambda/0x0000000089088618::accept (12 bytes)
Event: 6.773 Thread 0x00007fc2f40c1840 nmethod 1865 0x00007fc2e406fd08 code [0x00007fc2e406fe00, 0x00007fc2e4070a60]
Event: 6.773 Thread 0x00007fc2f40c1840 1867       4       java.util.ArrayDeque::pollFirst (36 bytes)
Event: 6.774 Thread 0x00007fc2f40c1840 nmethod 1867 0x00007fc2e4070b08 code [0x00007fc2e4070c00, 0x00007fc2e4070d68]
Event: 6.774 Thread 0x00007fc2f40c1840 1868   !   4       java.util.concurrent.ConcurrentHashMap::putVal (432 bytes)

GC Heap Usage History (20 events):
Event: 2.191 {heap After GC invocations=8 (full 0):
 garbage-first heap   total reserved 4194304K, committed 57344K, used 26344K [0x0000000700000000, 0x0000000800000000)
  region size 2048K, 2 young (4096K), 2 survivors (4096K)
}
Event: 2.258 {heap Before GC invocations=8 (full 0):
 garbage-first heap   total reserved 4194304K, committed 57344K, used 30440K [0x0000000700000000, 0x0000000800000000)
  region size 2048K, 5 young (10240K), 2 survivors (4096K)
}
Event: 2.266 {heap After GC invocations=9 (full 0):
 garbage-first heap   total reserved 4194304K, committed 161792K, used 28505K [0x0000000700000000, 0x0000000800000000)
  region size 2048K, 1 young (2048K), 1 survivors (2048K)
}
Event: 2.996 {heap Before GC invocations=9 (full 0):
 garbage-first heap   total reserved 4194304K, committed 161792K, used 116569K [0x0000000700000000, 0x0000000800000000)
  region size 2048K, 43 young (88064K), 1 survivors (2048K)
}
Event: 3.079 {heap After GC invocations=10 (full 0):
 garbage-first heap   total reserved 4194304K, committed 161792K, used 65678K [0x0000000700000000, 0x0000000800000000)
  region size 2048K, 6 young (12288K), 6 survivors (12288K)
}
Event: 3.366 {heap Before GC invocations=10 (full 0):
 garbage-first heap   total reserved 4194304K, committed 161792K, used 112782K [0x0000000700000000, 0x0000000800000000)
  region size 2048K, 29 young (59392K), 6 survivors (12288K)
}
Event: 3.395 {heap After GC invocations=11 (full 0):
 garbage-first heap   total reserved 4194304K, committed 161792K, used 87182K [0x0000000700000000, 0x0000000800000000)
  region size 2048K, 4 young (8192K), 4 survivors (8192K)
}
Event: 3.586 {heap Before GC invocations=11 (full 0):
 garbage-first heap   total reserved 4194304K, committed 161792K, used 121998K [0x0000000700000000, 0x0000000800000000)
  region size 2048K, 22 young (45056K), 4 survivors (8192K)
}
Event: 3.666 {heap After GC invocations=12 (full 0):
 garbage-first heap   total reserved 4194304K, committed 161792K, used 103566K [0x0000000700000000, 0x0000000800000000)
  region size 2048K, 3 young (6144K), 3 survivors (6144K)
}
Event: 3.967 {heap Before GC invocations=12 (full 0):
 garbage-first heap   total reserved 4194304K, committed 161792K, used 132238K [0x0000000700000000, 0x0000000800000000)
  region size 2048K, 17 young (34816K), 3 survivors (6144K)
}
Event: 3.986 {heap After GC invocations=13 (full 0):
 garbage-first heap   total reserved 4194304K, committed 348160K, used 115854K [0x0000000700000000, 0x0000000800000000)
  region size 2048K, 3 young (6144K), 3 survivors (6144K)
}
Event: 4.867 {heap Before GC invocations=14 (full 0):
 garbage-first heap   total reserved 4194304K, committed 348160K, used 232590K [0x0000000700000000, 0x0000000800000000)
  region size 2048K, 60 young (122880K), 3 survivors (6144K)
}
Event: 4.988 {heap After GC invocations=15 (full 0):
 garbage-first heap   total reserved 4194304K, committed 348160K, used 168078K [0x0000000700000000, 0x0000000800000000)
  region size 2048K, 8 young (16384K), 8 survivors (16384K)
}
Event: 5.468 {heap Before GC invocations=15 (full 0):
 garbage-first heap   total reserved 4194304K, committed 348160K, used 258190K [0x0000000700000000, 0x0000000800000000)
  region size 2048K, 52 young (106496K), 8 survivors (16384K)
}
Event: 5.766 {heap After GC invocations=16 (full 0):
 garbage-first heap   total reserved 4194304K, committed 348160K, used 209920K [0x0000000700000000, 0x0000000800000000)
  region size 2048K, 7 young (14336K), 7 survivors (14336K)
}
Event: 6.068 {heap Before GC invocations=16 (full 0):
 garbage-first heap   total reserved 4194304K, committed 348160K, used 277504K [0x0000000700000000, 0x0000000800000000)
  region size 2048K, 40 young (81920K), 7 survivors (14336K)
}
Event: 6.180 {heap After GC invocations=17 (full 0):
 garbage-first heap   total reserved 4194304K, committed 348160K, used 241664K [0x0000000700000000, 0x0000000800000000)
  region size 2048K, 5 young (10240K), 5 survivors (10240K)
}
Event: 6.488 {heap Before GC invocations=17 (full 0):
 garbage-first heap   total reserved 4194304K, committed 348160K, used 292864K [0x0000000700000000, 0x0000000800000000)
  region size 2048K, 30 young (61440K), 5 survivors (10240K)
}
Event: 6.576 {heap After GC invocations=18 (full 0):
 garbage-first heap   total reserved 4194304K, committed 348160K, used 266240K [0x0000000700000000, 0x0000000800000000)
  region size 2048K, 4 young (8192K), 4 survivors (8192K)
}
Event: 6.784 {heap Before GC invocations=18 (full 0):
 garbage-first heap   total reserved 4194304K, committed 348160K, used 305152K [0x0000000700000000, 0x0000000800000000)
  region size 2048K, 23 young (47104K), 4 survivors (8192K)
}

Metaspace Usage History (20 events):
Event: 2.191 {metaspace After GC invocations=8 (full 0):
 Metaspace       used 3895K, committed 4096K, reserved 1114112K
  class space    used 401K, committed 512K, reserved 1048576K
}
Event: 2.258 {metaspace Before GC invocations=8 (full 0):
 Metaspace       used 3905K, committed 4096K, reserved 1114112K
  class space    used 401K, committed 512K, reserved 1048576K
}
Event: 2.266 {metaspace After GC invocations=9 (full 0):
 Metaspace       used 3905K, committed 4096K, reserved 1114112K
  class space    used 401K, committed 512K, reserved 1048576K
}
Event: 2.996 {metaspace Before GC invocations=9 (full 0):
 Metaspace       used 4422K, committed 4672K, reserved 1114112K
  class space    used 452K, committed 576K, reserved 1048576K
}
Event: 3.079 {metaspace After GC invocations=10 (full 0):
 Metaspace       used 4422K, committed 4672K, reserved 1114112K
  class space    used 452K, committed 576K, reserved 1048576K
}
Event: 3.366 {metaspace Before GC invocations=10 (full 0):
 Metaspace       used 4423K, committed 4672K, reserved 1114112K
  class space    used 452K, committed 576K, reserved 1048576K
}
Event: 3.395 {metaspace After GC invocations=11 (full 0):
 Metaspace       used 4423K, committed 4672K, reserved 1114112K
  class space    used 452K, committed 576K, reserved 1048576K
}
Event: 3.586 {metaspace Before GC invocations=11 (full 0):
 Metaspace       used 4424K, committed 4672K, reserved 1114112K
  class space    used 452K, committed 576K, reserved 1048576K
}
Event: 3.666 {metaspace After GC invocations=12 (full 0):
 Metaspace       used 4424K, committed 4672K, reserved 1114112K
  class space    used 452K, committed 576K, reserved 1048576K
}
Event: 3.967 {metaspace Before GC invocations=12 (full 0):
 Metaspace       used 4424K, committed 4672K, reserved 1114112K
  class space    used 452K, committed 576K, reserved 1048576K
}
Event: 3.986 {metaspace After GC invocations=13 (full 0):
 Metaspace       used 4424K, committed 4672K, reserved 1114112K
  class space    used 452K, committed 576K, reserved 1048576K
}
Event: 4.867 {metaspace Before GC invocations=14 (full 0):
 Metaspace       used 4425K, committed 4672K, reserved 1114112K
  class space    used 452K, committed 576K, reserved 1048576K
}
Event: 4.988 {metaspace After GC invocations=15 (full 0):
 Metaspace       used 4425K, committed 4672K, reserved 1114112K
  class space    used 452K, committed 576K, reserved 1048576K
}
Event: 5.468 {metaspace Before GC invocations=15 (full 0):
 Metaspace       used 4425K, committed 4672K, reserved 1114112K
  class space    used 452K, committed 576K, reserved 1048576K
}
Event: 5.766 {metaspace After GC invocations=16 (full 0):
 Metaspace       used 4425K, committed 4672K, reserved 1114112K
  class space    used 452K, committed 576K, reserved 1048576K
}
Event: 6.068 {metaspace Before GC invocations=16 (full 0):
 Metaspace       used 4427K, committed 4672K, reserved 1114112K
  class space    used 452K, committed 576K, reserved 1048576K
}
Event: 6.180 {metaspace After GC invocations=17 (full 0):
 Metaspace       used 4427K, committed 4672K, reserved 1114112K
  class space    used 452K, committed 576K, reserved 1048576K
}
Event: 6.488 {metaspace Before GC invocations=17 (full 0):
 Metaspace       used 4427K, committed 4672K, reserved 1114112K
  class space    used 452K, committed 576K, reserved 1048576K
}
Event: 6.576 {metaspace After GC invocations=18 (full 0):
 Metaspace       used 4427K, committed 4672K, reserved 1114112K
  class space    used 452K, committed 576K, reserved 1048576K
}
Event: 6.784 {metaspace Before GC invocations=18 (full 0):
 Metaspace       used 4427K, committed 4672K, reserved 1114112K
  class space    used 452K, committed 576K, reserved 1048576K
}

Dll operation events (14 events):
Event: 0.050 Attempting to load shared library /root/.gradle/jdks/eclipse_adoptium-25-amd64-linux.2/lib/libjava.so
Event: 0.050 Loaded shared library /root/.gradle/jdks/eclipse_adoptium-25-amd64-linux.2/lib/libjava.so
Event: 0.075 Attempting to load shared library /root/.gradle/jdks/eclipse_adoptium-25-amd64-linux.2/lib/libsimdsort.so
Event: 0.076 Loaded shared library /root/.gradle/jdks/eclipse_adoptium-25-amd64-linux.2/lib/libsimdsort.so
Event: 0.086 Attempting to load shared library /root/.gradle/jdks/eclipse_adoptium-25-amd64-linux.2/lib/libnio.so
Event: 0.089 Loaded shared library /root/.gradle/jdks/eclipse_adoptium-25-amd64-linux.2/lib/libnio.so
Event: 0.092 Attempting to load shared library /root/.gradle/jdks/eclipse_adoptium-25-amd64-linux.2/lib/libzip.so
Event: 0.092 Loaded shared library /root/.gradle/jdks/eclipse_adoptium-25-amd64-linux.2/lib/libzip.so
Event: 0.155 Attempting to load shared library /root/.gradle/jdks/eclipse_adoptium-25-amd64-linux.2/lib/libnet.so
Event: 0.155 Loaded shared library /root/.gradle/jdks/eclipse_adoptium-25-amd64-linux.2/lib/libnet.so
Event: 0.588 Attempting to load shared library /root/.gradle/jdks/eclipse_adoptium-25-amd64-linux.2/lib/libjimage.so
Event: 0.588 Loaded shared library /root/.gradle/jdks/eclipse_adoptium-25-amd64-linux.2/lib/libjimage.so
Event: 0.892 Attempting to load shared library /root/.gradle/jdks/eclipse_adoptium-25-amd64-linux.2/lib/libverify.so
Event: 0.892 Loaded shared library /root/.gradle/jdks/eclipse_adoptium-25-amd64-linux.2/lib/libverify.so

Deoptimization events (20 events):
Event: 4.181 Thread 0x00007fc2f402b710 DEOPT PACKING pc=0x00007fc2e400a104 sp=0x00007fc2fbe92860
Event: 4.181 Thread 0x00007fc2f402b710 DEOPT UNPACKING pc=0x00007fc2e3a920f9 sp=0x00007fc2fbe92838 mode 2
Event: 4.296 Thread 0x00007fc2f402b710 Uncommon trap: trap_request=0xffffff45 fr.pc=0x00007fc2e402b540 relative=0x0000000000002dc0
Event: 4.296 Thread 0x00007fc2f402b710 Uncommon trap: reason=unstable_if action=reinterpret pc=0x00007fc2e402b540 method=org.jetbrains.java.decompiler.struct.attr.StructLocalVariableTableAttribute.initContent(Lorg/jetbrains/java/decompiler/util/DataInputFullStream;Lorg/jetbrains/java/decompile
Event: 4.296 Thread 0x00007fc2f402b710 DEOPT PACKING pc=0x00007fc2e402b540 sp=0x00007fc2fbe92900
Event: 4.296 Thread 0x00007fc2f402b710 DEOPT UNPACKING pc=0x00007fc2e3a920f9 sp=0x00007fc2fbe928c8 mode 2
Event: 4.764 Thread 0x00007fc2f402b710 DEOPT PACKING pc=0x00007fc2dc6eaebf sp=0x00007fc2fbe92be0
Event: 4.764 Thread 0x00007fc2f402b710 DEOPT UNPACKING pc=0x00007fc2e3a49b8f sp=0x00007fc2fbe92170 mode 0
Event: 4.855 Thread 0x00007fc2f402b710 Uncommon trap: trap_request=0xffffff45 fr.pc=0x00007fc2e4037ad4 relative=0x0000000000004234
Event: 4.855 Thread 0x00007fc2f402b710 Uncommon trap: reason=unstable_if action=reinterpret pc=0x00007fc2e4037ad4 method=org.jetbrains.java.decompiler.struct.gen.VarType.getFamily(Lorg/jetbrains/java/decompiler/struct/gen/CodeType;I)Lorg/jetbrains/java/decompiler/struct/gen/TypeFamily; @ 16 c2
Event: 4.855 Thread 0x00007fc2f402b710 DEOPT PACKING pc=0x00007fc2e4037ad4 sp=0x00007fc2fbe92b50
Event: 4.855 Thread 0x00007fc2f402b710 DEOPT UNPACKING pc=0x00007fc2e3a920f9 sp=0x00007fc2fbe92a10 mode 2
Event: 4.999 Thread 0x00007fc2f402b710 Uncommon trap: trap_request=0xffffff45 fr.pc=0x00007fc2e4039720 relative=0x0000000000000120
Event: 4.999 Thread 0x00007fc2f402b710 Uncommon trap: reason=unstable_if action=reinterpret pc=0x00007fc2e4039720 method=org.jetbrains.java.decompiler.struct.gen.VarType.getFamily(Lorg/jetbrains/java/decompiler/struct/gen/CodeType;I)Lorg/jetbrains/java/decompiler/struct/gen/TypeFamily; @ 16 c2
Event: 4.999 Thread 0x00007fc2f402b710 DEOPT PACKING pc=0x00007fc2e4039720 sp=0x00007fc2fbe92990
Event: 4.999 Thread 0x00007fc2f402b710 DEOPT UNPACKING pc=0x00007fc2e3a920f9 sp=0x00007fc2fbe92930 mode 2
Event: 6.699 Thread 0x00007fc2f402b710 Uncommon trap: trap_request=0xffffff45 fr.pc=0x00007fc2e403e4f8 relative=0x0000000000001e78
Event: 6.699 Thread 0x00007fc2f402b710 Uncommon trap: reason=unstable_if action=reinterpret pc=0x00007fc2e403e4f8 method=java.util.HashMap.removeNode(ILjava/lang/Object;Ljava/lang/Object;ZZ)Ljava/util/HashMap$Node; @ 89 c2
Event: 6.699 Thread 0x00007fc2f402b710 DEOPT PACKING pc=0x00007fc2e403e4f8 sp=0x00007fc2fbe92f30
Event: 6.699 Thread 0x00007fc2f402b710 DEOPT UNPACKING pc=0x00007fc2e3a920f9 sp=0x00007fc2fbe92d90 mode 2

Classes loaded (20 events):
Event: 1.159 Loading class java/util/concurrent/ExecutionException
Event: 1.159 Loading class java/util/concurrent/ExecutionException done
Event: 1.160 Loading class java/util/zip/ZipFile$ZipEntryIterator
Event: 1.160 Loading class java/util/zip/ZipFile$ZipEntryIterator done
Event: 1.180 Loading class jdk/internal/module/SystemModuleFinders$ModuleContentSpliterator
Event: 1.180 Loading class jdk/internal/module/SystemModuleFinders$ModuleContentSpliterator done
Event: 1.180 Loading class jdk/internal/jimage/ImageReader$Directory
Event: 1.180 Loading class jdk/internal/jimage/ImageReader$Node
Event: 1.180 Loading class jdk/internal/jimage/ImageReader$Node done
Event: 1.180 Loading class jdk/internal/jimage/ImageReader$Directory done
Event: 1.180 Loading class jdk/internal/jimage/ImageReader$SharedImageReader$LocationVisitor
Event: 1.180 Loading class jdk/internal/jimage/ImageReader$SharedImageReader$LocationVisitor done
Event: 1.183 Loading class java/nio/ByteBufferAsIntBufferL
Event: 1.184 Loading class java/nio/ByteBufferAsIntBufferL done
Event: 1.184 Loading class jdk/internal/jimage/ImageReader$Resource
Event: 1.184 Loading class jdk/internal/jimage/ImageReader$Resource done
Event: 2.375 Loading class java/io/DataOutputStream
Event: 2.375 Loading class java/io/DataOutputStream done
Event: 2.377 Loading class java/util/ComparableTimSort
Event: 2.377 Loading class java/util/ComparableTimSort done

Classes unloaded (0 events):
No events

Classes redefined (0 events):
No events

Internal exceptions (13 events):
Event: 0.164 Thread 0x00007fc2f402b710 Exception <a 'java/lang/NoSuchMethodError'{0x0000000701ea9bd8}: 'void java.lang.invoke.DirectMethodHandle$Holder.invokeStatic(java.lang.Object, java.lang.Object)'> (0x0000000701ea9bd8) 
thrown [src/hotspot/share/interpreter/linkResolver.cpp, line 803]
Event: 0.197 Thread 0x00007fc2f402b710 Exception <a 'java/lang/NoSuchMethodError'{0x0000000701f42870}: 'void java.lang.invoke.DirectMethodHandle$Holder.invokeSpecial(java.lang.Object, java.lang.Object, java.lang.Object)'> (0x0000000701f42870) 
thrown [src/hotspot/share/interpreter/linkResolver.cpp, line 803]
Event: 0.859 Thread 0x00007fc2f402b710 Exception <a 'java/lang/NoSuchMethodError'{0x0000000701997b20}: 'java.lang.Object java.lang.invoke.DirectMethodHandle$Holder.invokeStaticInit(java.lang.Object)'> (0x0000000701997b20) 
thrown [src/hotspot/share/interpreter/linkResolver.cpp, line 803]
Event: 0.887 Thread 0x00007fc2f402b710 Exception <a 'java/lang/NoSuchMethodError'{0x00000007019ee920}: 'void java.lang.invoke.DirectMethodHandle$Holder.invokeStaticInit(java.lang.Object, java.lang.Object)'> (0x00000007019ee920) 
thrown [src/hotspot/share/interpreter/linkResolver.cpp, line 803]
Event: 0.888 Thread 0x00007fc2f402b710 Exception <a 'java/lang/NoSuchMethodError'{0x00000007019fe140}: 'java.lang.Object java.lang.invoke.DirectMethodHandle$Holder.invokeInterface(java.lang.Object, java.lang.Object, java.lang.Object, java.lang.Object)'> (0x00000007019fe140) 
thrown [src/hotspot/share/interpreter/linkResolver.cpp, line 803]
Event: 0.889 Thread 0x00007fc2f402b710 Exception <a 'java/lang/IncompatibleClassChangeError'{0x0000000701606988}: Found class java.lang.Object, but interface was expected> (0x0000000701606988) 
thrown [src/hotspot/share/interpreter/linkResolver.cpp, line 871]
Event: 2.396 Thread 0x00007fc2f402b710 Exception <a 'java/lang/NoSuchMethodError'{0x0000000708485518}: 'void java.lang.invoke.DirectMethodHandle$Holder.invokeStatic(java.lang.Object, java.lang.Object, java.lang.Object)'> (0x0000000708485518) 
thrown [src/hotspot/share/interpreter/linkResolver.cpp, line 803]
Event: 2.673 Thread 0x00007fc2f402b710 Exception <a 'java/lang/NoSuchMethodError'{0x000000070740ba38}: 'java.lang.Object java.lang.invoke.DirectMethodHandle$Holder.invokeStatic(java.lang.Object, int, java.lang.Object)'> (0x000000070740ba38) 
thrown [src/hotspot/share/interpreter/linkResolver.cpp, line 803]
Event: 2.673 Thread 0x00007fc2f402b710 Exception <a 'java/lang/NoSuchMethodError'{0x0000000707413b80}: 'java.lang.Object java.lang.invoke.DirectMethodHandle$Holder.invokeStaticInit(java.lang.Object, int, java.lang.Object)'> (0x0000000707413b80) 
thrown [src/hotspot/share/interpreter/linkResolver.cpp, line 803]
Event: 2.675 Thread 0x00007fc2f402b710 Exception <a 'java/lang/NoSuchMethodError'{0x0000000707443ef0}: 'java.lang.Object java.lang.invoke.DirectMethodHandle$Holder.invokeStaticInit(java.lang.Object, double, double, java.lang.Object)'> (0x0000000707443ef0) 
thrown [src/hotspot/share/interpreter/linkResolver.cpp, line 803]
Event: 2.676 Thread 0x00007fc2f402b710 Exception <a 'java/lang/NoSuchMethodError'{0x000000070745bda8}: 'java.lang.Object java.lang.invoke.DirectMethodHandle$Holder.invokeSpecial(java.lang.Object, java.lang.Object, double, double)'> (0x000000070745bda8) 
thrown [src/hotspot/share/interpreter/linkResolver.cpp, line 803]
Event: 2.680 Thread 0x00007fc2f402b710 Exception <a 'java/lang/NoSuchMethodError'{0x00000007074d2258}: 'void java.lang.invoke.DirectMethodHandle$Holder.invokeStaticInit(java.lang.Object, java.lang.Object, java.lang.Object)'> (0x00000007074d2258) 
thrown [src/hotspot/share/interpreter/linkResolver.cpp, line 803]
Event: 2.681 Thread 0x00007fc2f402b710 Exception <a 'java/lang/NoSuchMethodError'{0x00000007074e1c90}: 'java.lang.Object java.lang.invoke.DirectMethodHandle$Holder.invokeStaticInit(java.lang.Object, java.lang.Object, java.lang.Object)'> (0x00000007074e1c90) 
thrown [src/hotspot/share/interpreter/linkResolver.cpp, line 803]

VM Operations (20 events):
Event: 3.079 Executing safepoint VM operation: G1CollectForAllocation (G1 Evacuation Pause) done
Event: 3.366 Executing safepoint VM operation: G1CollectForAllocation (G1 Evacuation Pause)
Event: 3.395 Executing safepoint VM operation: G1CollectForAllocation (G1 Evacuation Pause) done
Event: 3.586 Executing safepoint VM operation: G1CollectForAllocation (G1 Evacuation Pause)
Event: 3.666 Executing safepoint VM operation: G1CollectForAllocation (G1 Evacuation Pause) done
Event: 3.967 Executing safepoint VM operation: G1CollectForAllocation (G1 Evacuation Pause)
Event: 3.986 Executing safepoint VM operation: G1CollectForAllocation (G1 Evacuation Pause) done
Event: 4.187 Executing safepoint VM operation: G1PauseRemark
Event: 4.190 Executing safepoint VM operation: G1PauseRemark done
Event: 4.370 Executing safepoint VM operation: G1PauseCleanup
Event: 4.370 Executing safepoint VM operation: G1PauseCleanup done
Event: 4.867 Executing safepoint VM operation: G1CollectForAllocation (G1 Evacuation Pause)
Event: 4.988 Executing safepoint VM operation: G1CollectForAllocation (G1 Evacuation Pause) done
Event: 5.468 Executing safepoint VM operation: G1CollectForAllocation (G1 Evacuation Pause)
Event: 5.766 Executing safepoint VM operation: G1CollectForAllocation (G1 Evacuation Pause) done
Event: 6.068 Executing safepoint VM operation: G1CollectForAllocation (G1 Evacuation Pause)
Event: 6.180 Executing safepoint VM operation: G1CollectForAllocation (G1 Evacuation Pause) done
Event: 6.487 Executing safepoint VM operation: G1CollectForAllocation (G1 Evacuation Pause)
Event: 6.576 Executing safepoint VM operation: G1CollectForAllocation (G1 Evacuation Pause) done
Event: 6.783 Executing safepoint VM operation: G1CollectForAllocation (G1 Evacuation Pause)

Memory protections (11 events):
Event: 0.050 Protecting memory [0x00007fc2fbd95000,0x00007fc2fbd99000] with protection modes 0
Event: 0.061 Protecting memory [0x0000000088000000,0x0000000088001000] with protection modes 0
Event: 0.073 Protecting memory [0x00007fc2d81e7000,0x00007fc2d81eb000] with protection modes 0
Event: 0.074 Protecting memory [0x00007fc2d80e6000,0x00007fc2d80ea000] with protection modes 0
Event: 0.074 Protecting memory [0x00007fc2aff00000,0x00007fc2aff04000] with protection modes 0
Event: 0.074 Protecting memory [0x00007fc2afdff000,0x00007fc2afe03000] with protection modes 0
Event: 0.074 Protecting memory [0x00007fc2afcfe000,0x00007fc2afd02000] with protection modes 0
Event: 0.074 Protecting memory [0x00007fc2afbfd000,0x00007fc2afc01000] with protection modes 0
Event: 0.079 Protecting memory [0x00007fc2afafc000,0x00007fc2afb00000] with protection modes 0
Event: 0.082 Protecting memory [0x00007fc2af9fb000,0x00007fc2af9ff000] with protection modes 0
Event: 0.086 Protecting memory [0x00007fc2af8fa000,0x00007fc2af8fe000] with protection modes 0

Nmethod flushes (0 events):
No events

Events (13 events):
Event: 0.064 Thread 0x00007fc2f402b710 Thread added: 0x00007fc2f402b710
Event: 0.068 Thread 0x00007fc2f402b710 JVMTI - enter early start phase
Event: 0.073 Thread 0x00007fc2f402b710 Thread added: 0x00007fc2f40b9620
Event: 0.073 Thread 0x00007fc2f402b710 Thread added: 0x00007fc2f40bae50
Event: 0.074 Thread 0x00007fc2f402b710 Thread added: 0x00007fc2f40bc8a0
Event: 0.074 Thread 0x00007fc2f402b710 Thread added: 0x00007fc2f40be1c0
Event: 0.074 Thread 0x00007fc2f402b710 Thread added: 0x00007fc2f40bfa40
Event: 0.074 Thread 0x00007fc2f402b710 Thread added: 0x00007fc2f40c1840
Event: 0.079 Thread 0x00007fc2f402b710 Thread added: 0x00007fc2f40c3230
Event: 0.082 Thread 0x00007fc2f402b710 JVMTI - enter start phase
Event: 0.082 Thread 0x00007fc2f402b710 JVMTI - enter live phase
Event: 0.082 Thread 0x00007fc2f402b710 Thread added: 0x00007fc2f40cf6d0
Event: 0.085 Thread 0x00007fc2f402b710 Thread added: 0x00007fc2f40d29a0


Dynamic libraries:
88000000-88001000 ---p 00000000 00:00 0 
88001000-884ad000 rw-p 00001000 fe:00 133291                             /root/.gradle/jdks/eclipse_adoptium-25-amd64-linux.2/lib/server/classes.jsa
884ad000-88d96000 rw-p 004ad000 fe:00 133291                             /root/.gradle/jdks/eclipse_adoptium-25-amd64-linux.2/lib/server/classes.jsa
88d96000-89000000 ---p 00000000 00:00 0 
89000000-89030000 rw-p 00000000 00:00 0 
89030000-89040000 ---p 00000000 00:00 0 
89040000-890a0000 rw-p 00000000 00:00 0 
890a0000-c9000000 ---p 00000000 00:00 0 
700000000-714e00000 rw-p 00000000 00:00 0 
73d800000-7ffa00000 ---p 00000000 00:00 0 
7ffa00000-7ffe00000 rw-p 00000000 00:00 0 
7ffe00000-7fff24000 rw-p 00dca000 fe:00 133291                           /root/.gradle/jdks/eclipse_adoptium-25-amd64-linux.2/lib/server/classes.jsa
7fff24000-800000000 rw-p 00000000 00:00 0 
561655031000-561655032000 r--p 00000000 fe:00 133412                     /root/.gradle/jdks/eclipse_adoptium-25-amd64-linux.2/bin/java
561655032000-561655033000 r-xp 00001000 fe:00 133412                     /root/.gradle/jdks/eclipse_adoptium-25-amd64-linux.2/bin/java
561655033000-561655034000 r--p 00002000 fe:00 133412                     /root/.gradle/jdks/eclipse_adoptium-25-amd64-linux.2/bin/java
561655034000-561655035000 r--p 00002000 fe:00 133412                     /root/.gradle/jdks/eclipse_adoptium-25-amd64-linux.2/bin/java
561655035000-561655036000 rw-p 00003000 fe:00 133412                     /root/.gradle/jdks/eclipse_adoptium-25-amd64-linux.2/bin/java
5616554b9000-561655502000 rw-p 00000000 00:00 0                          [heap]
7fc298000000-7fc29a16a000 rw-p 00000000 00:00 0 
7fc29a16a000-7fc29c000000 ---p 00000000 00:00 0 
7fc29c000000-7fc29c839000 rw-p 00000000 00:00 0 
7fc29c839000-7fc2a0000000 ---p 00000000 00:00 0 
7fc2a0000000-7fc2a0021000 rw-p 00000000 00:00 0 
7fc2a0021000-7fc2a4000000 ---p 00000000 00:00 0 
7fc2a4000000-7fc2a4021000 rw-p 00000000 00:00 0 
7fc2a4021000-7fc2a8000000 ---p 00000000 00:00 0 
7fc2a8000000-7fc2a8021000 rw-p 00000000 00:00 0 
7fc2a8021000-7fc2ac000000 ---p 00000000 00:00 0 
7fc2af7f8000-7fc2af7f9000 ---p 00000000 00:00 0 
7fc2af7f9000-7fc2af8f9000 rw-p 00000000 00:00 0 
7fc2af8f9000-7fc2af8fa000 ---p 00000000 00:00 0 
7fc2af8fa000-7fc2af8fe000 ---p 00000000 00:00 0 
7fc2af8fe000-7fc2af9fa000 rw-p 00000000 00:00 0 
7fc2af9fa000-7fc2af9fb000 ---p 00000000 00:00 0 
7fc2af9fb000-7fc2af9ff000 ---p 00000000 00:00 0 
7fc2af9ff000-7fc2afafb000 rw-p 00000000 00:00 0 
7fc2afafb000-7fc2afafc000 ---p 00000000 00:00 0 
7fc2afafc000-7fc2afb00000 ---p 00000000 00:00 0 
7fc2afb00000-7fc2afbfc000 rw-p 00000000 00:00 0 
7fc2afbfc000-7fc2afbfd000 ---p 00000000 00:00 0 
7fc2afbfd000-7fc2afc01000 ---p 00000000 00:00 0 
7fc2afc01000-7fc2afcfd000 rw-p 00000000 00:00 0 
7fc2afcfd000-7fc2afcfe000 ---p 00000000 00:00 0 
7fc2afcfe000-7fc2afd02000 ---p 00000000 00:00 0 
7fc2afd02000-7fc2afdfe000 rw-p 00000000 00:00 0 
7fc2afdfe000-7fc2afdff000 ---p 00000000 00:00 0 
7fc2afdff000-7fc2afe03000 ---p 00000000 00:00 0 
7fc2afe03000-7fc2afeff000 rw-p 00000000 00:00 0 
7fc2afeff000-7fc2aff00000 ---p 00000000 00:00 0 
7fc2aff00000-7fc2aff04000 ---p 00000000 00:00 0 
7fc2aff04000-7fc2b0000000 rw-p 00000000 00:00 0 
7fc2b0000000-7fc2b0021000 rw-p 00000000 00:00 0 
7fc2b0021000-7fc2b4000000 ---p 00000000 00:00 0 
7fc2b4000000-7fc2b4021000 rw-p 00000000 00:00 0 
7fc2b4021000-7fc2b8000000 ---p 00000000 00:00 0 
7fc2b8000000-7fc2b84f6000 rw-p 00000000 00:00 0 
7fc2b84f6000-7fc2bc000000 ---p 00000000 00:00 0 
7fc2bc000000-7fc2bc021000 rw-p 00000000 00:00 0 
7fc2bc021000-7fc2c0000000 ---p 00000000 00:00 0 
7fc2c0000000-7fc2c01d0000 rw-p 00000000 00:00 0 
7fc2c01d0000-7fc2c0400000 ---p 00000000 00:00 0 
7fc2c0400000-7fc2c0630000 rw-p 00000000 00:00 0 
7fc2c0630000-7fc2c4000000 ---p 00000000 00:00 0 
7fc2c4000000-7fc2c4021000 rw-p 00000000 00:00 0 
7fc2c4021000-7fc2c8000000 ---p 00000000 00:00 0 
7fc2c8000000-7fc2c8021000 rw-p 00000000 00:00 0 
7fc2c8021000-7fc2cc000000 ---p 00000000 00:00 0 
7fc2cc000000-7fc2cc021000 rw-p 00000000 00:00 0 
7fc2cc021000-7fc2d0000000 ---p 00000000 00:00 0 
7fc2d0000000-7fc2d0021000 rw-p 00000000 00:00 0 
7fc2d0021000-7fc2d4000000 ---p 00000000 00:00 0 
7fc2d4000000-7fc2d4021000 rw-p 00000000 00:00 0 
7fc2d4021000-7fc2d8000000 ---p 00000000 00:00 0 
7fc2d8073000-7fc2d8077000 r--p 00000000 fe:00 133517                     /root/.gradle/jdks/eclipse_adoptium-25-amd64-linux.2/lib/libverify.so
7fc2d8077000-7fc2d8080000 r-xp 00004000 fe:00 133517                     /root/.gradle/jdks/eclipse_adoptium-25-amd64-linux.2/lib/libverify.so
7fc2d8080000-7fc2d8082000 r--p 0000d000 fe:00 133517                     /root/.gradle/jdks/eclipse_adoptium-25-amd64-linux.2/lib/libverify.so
7fc2d8082000-7fc2d8084000 r--p 0000e000 fe:00 133517                     /root/.gradle/jdks/eclipse_adoptium-25-amd64-linux.2/lib/libverify.so
7fc2d8084000-7fc2d8085000 rw-p 00010000 fe:00 133517                     /root/.gradle/jdks/eclipse_adoptium-25-amd64-linux.2/lib/libverify.so
7fc2d8085000-7fc2d8087000 r--p 00000000 fe:00 133502                     /root/.gradle/jdks/eclipse_adoptium-25-amd64-linux.2/lib/libzip.so
7fc2d8087000-7fc2d809a000 r-xp 00002000 fe:00 133502                     /root/.gradle/jdks/eclipse_adoptium-25-amd64-linux.2/lib/libzip.so
7fc2d809a000-7fc2d80a1000 r--p 00015000 fe:00 133502                     /root/.gradle/jdks/eclipse_adoptium-25-amd64-linux.2/lib/libzip.so
7fc2d80a1000-7fc2d80a2000 r--p 0001c000 fe:00 133502                     /root/.gradle/jdks/eclipse_adoptium-25-amd64-linux.2/lib/libzip.so
7fc2d80a2000-7fc2d80a3000 rw-p 0001d000 fe:00 133502                     /root/.gradle/jdks/eclipse_adoptium-25-amd64-linux.2/lib/libzip.so
7fc2d80a3000-7fc2d80a4000 r--p 00000000 fe:00 133487                     /root/.gradle/jdks/eclipse_adoptium-25-amd64-linux.2/lib/libsimdsort.so
7fc2d80a4000-7fc2d80dd000 r-xp 00001000 fe:00 133487                     /root/.gradle/jdks/eclipse_adoptium-25-amd64-linux.2/lib/libsimdsort.so
7fc2d80dd000-7fc2d80e3000 r--p 0003a000 fe:00 133487                     /root/.gradle/jdks/eclipse_adoptium-25-amd64-linux.2/lib/libsimdsort.so
7fc2d80e3000-7fc2d80e4000 r--p 0003f000 fe:00 133487                     /root/.gradle/jdks/eclipse_adoptium-25-amd64-linux.2/lib/libsimdsort.so
7fc2d80e4000-7fc2d80e5000 rw-p 00040000 fe:00 133487                     /root/.gradle/jdks/eclipse_adoptium-25-amd64-linux.2/lib/libsimdsort.so
7fc2d80e5000-7fc2d80e6000 ---p 00000000 00:00 0 
7fc2d80e6000-7fc2d80ea000 ---p 00000000 00:00 0 
7fc2d80ea000-7fc2d81e6000 rw-p 00000000 00:00 0 
7fc2d81e6000-7fc2d81e7000 ---p 00000000 00:00 0 
7fc2d81e7000-7fc2d81eb000 ---p 00000000 00:00 0 
7fc2d81eb000-7fc2d82e7000 rw-p 00000000 00:00 0 
7fc2d82e7000-7fc2d833e000 r--p 00000000 00:25 13882                      /usr/lib/locale/C.utf8/LC_CTYPE
7fc2d833e000-7fc2d833f000 ---p 00000000 00:00 0 
7fc2d833f000-7fc2d89f8000 rw-p 00000000 00:00 0 
7fc2d89f8000-7fc2dc4a8000 ---p 00000000 00:00 0 
7fc2dc4a8000-7fc2dc4c0000 rw-p 00000000 00:00 0 
7fc2dc4c0000-7fc2dc760000 rwxp 00000000 00:00 0 
7fc2dc760000-7fc2e39f9000 ---p 00000000 00:00 0 
7fc2e39f9000-7fc2e3c69000 rwxp 00000000 00:00 0 
7fc2e3c69000-7fc2e3f88000 ---p 00000000 00:00 0 
7fc2e3f88000-7fc2e41f8000 rwxp 00000000 00:00 0 
7fc2e41f8000-7fc2eb4c1000 ---p 00000000 00:00 0 
7fc2eb4c1000-7fc2f4000000 r--s 00000000 fe:00 133509                     /root/.gradle/jdks/eclipse_adoptium-25-amd64-linux.2/lib/modules
7fc2f4000000-7fc2f4248000 rw-p 00000000 00:00 0 
7fc2f4248000-7fc2f8000000 ---p 00000000 00:00 0 
7fc2f8001000-7fc2f809d000 rw-p 00000000 00:00 0 
7fc2f809d000-7fc2f809e000 ---p 00000000 00:00 0 
7fc2f809e000-7fc2f819e000 rw-p 00000000 00:00 0 
7fc2f819e000-7fc2f81a1000 r--p 00000000 fe:00 133532                     /root/.gradle/jdks/eclipse_adoptium-25-amd64-linux.2/lib/libnet.so
7fc2f81a1000-7fc2f81a9000 r-xp 00003000 fe:00 133532                     /root/.gradle/jdks/eclipse_adoptium-25-amd64-linux.2/lib/libnet.so
7fc2f81a9000-7fc2f81ab000 r--p 0000b000 fe:00 133532                     /root/.gradle/jdks/eclipse_adoptium-25-amd64-linux.2/lib/libnet.so
7fc2f81ab000-7fc2f81ac000 r--p 0000c000 fe:00 133532                     /root/.gradle/jdks/eclipse_adoptium-25-amd64-linux.2/lib/libnet.so
7fc2f81ac000-7fc2f81ad000 rw-p 0000d000 fe:00 133532                     /root/.gradle/jdks/eclipse_adoptium-25-amd64-linux.2/lib/libnet.so
7fc2f81ad000-7fc2f81b5000 r--p 00000000 fe:00 133496                     /root/.gradle/jdks/eclipse_adoptium-25-amd64-linux.2/lib/libnio.so
7fc2f81b5000-7fc2f81be000 r-xp 00008000 fe:00 133496                     /root/.gradle/jdks/eclipse_adoptium-25-amd64-linux.2/lib/libnio.so
7fc2f81be000-7fc2f81c2000 r--p 00011000 fe:00 133496                     /root/.gradle/jdks/eclipse_adoptium-25-amd64-linux.2/lib/libnio.so
7fc2f81c2000-7fc2f81c3000 r--p 00015000 fe:00 133496                     /root/.gradle/jdks/eclipse_adoptium-25-amd64-linux.2/lib/libnio.so
7fc2f81c3000-7fc2f81c4000 rw-p 00016000 fe:00 133496                     /root/.gradle/jdks/eclipse_adoptium-25-amd64-linux.2/lib/libnio.so
7fc2f81c4000-7fc2f81c5000 r--p 00000000 00:25 13888                      /usr/lib/locale/C.utf8/LC_NUMERIC
7fc2f81c5000-7fc2f81c6000 r--p 00000000 00:25 13891                      /usr/lib/locale/C.utf8/LC_TIME
7fc2f81c6000-7fc2f81c7000 r--p 00000000 00:25 13881                      /usr/lib/locale/C.utf8/LC_COLLATE
7fc2f81c7000-7fc2f81c8000 r--p 00000000 00:25 13886                      /usr/lib/locale/C.utf8/LC_MONETARY
7fc2f81c8000-7fc2f81c9000 r--p 00000000 00:25 13885                      /usr/lib/locale/C.utf8/LC_MESSAGES/SYS_LC_MESSAGES
7fc2f81c9000-7fc2f81ca000 r--p 00000000 00:25 13889                      /usr/lib/locale/C.utf8/LC_PAPER
7fc2f81ca000-7fc2f81cb000 r--p 00000000 00:25 13887                      /usr/lib/locale/C.utf8/LC_NAME
7fc2f81cb000-7fc2f81d2000 r--s 00000000 00:25 17572                      /usr/lib/x86_64-linux-gnu/gconv/gconv-modules.cache
7fc2f81d2000-7fc2f81d3000 ---p 00000000 00:00 0 
7fc2f81d3000-7fc2f82d3000 rw-p 00000000 00:00 0 
7fc2f82d3000-7fc2f82d4000 ---p 00000000 00:00 0 
7fc2f82d4000-7fc2fa5d6000 rw-p 00000000 00:00 0 
7fc2fa5d6000-7fc2fa5d7000 ---p 00000000 00:00 0 
7fc2fa5d7000-7fc2fa6d7000 rw-p 00000000 00:00 0 
7fc2fa6d7000-7fc2fa6d8000 ---p 00000000 00:00 0 
7fc2fa6d8000-7fc2fa7d8000 rw-p 00000000 00:00 0 
7fc2fa7d8000-7fc2fa7d9000 ---p 00000000 00:00 0 
7fc2fa7d9000-7fc2fa9e6000 rw-p 00000000 00:00 0 
7fc2fa9e6000-7fc2fb13c000 ---p 00000000 00:00 0 
7fc2fb13c000-7fc2fb1e6000 rw-p 00000000 00:00 0 
7fc2fb1e6000-7fc2fb93c000 ---p 00000000 00:00 0 
7fc2fb93c000-7fc2fbb67000 rw-p 00000000 00:00 0 
7fc2fbb67000-7fc2fbc4d000 ---p 00000000 00:00 0 
7fc2fbc4d000-7fc2fbc52000 rw-p 00000000 00:00 0 
7fc2fbc52000-7fc2fbc59000 ---p 00000000 00:00 0 
7fc2fbc59000-7fc2fbc5f000 rw-p 00000000 00:00 0 
7fc2fbc5f000-7fc2fbd44000 ---p 00000000 00:00 0 
7fc2fbd44000-7fc2fbd52000 r--p 00000000 fe:00 133516                     /root/.gradle/jdks/eclipse_adoptium-25-amd64-linux.2/lib/libjava.so
7fc2fbd52000-7fc2fbd60000 r-xp 0000e000 fe:00 133516                     /root/.gradle/jdks/eclipse_adoptium-25-amd64-linux.2/lib/libjava.so
7fc2fbd60000-7fc2fbd65000 r--p 0001c000 fe:00 133516                     /root/.gradle/jdks/eclipse_adoptium-25-amd64-linux.2/lib/libjava.so
7fc2fbd65000-7fc2fbd66000 r--p 00021000 fe:00 133516                     /root/.gradle/jdks/eclipse_adoptium-25-amd64-linux.2/lib/libjava.so
7fc2fbd66000-7fc2fbd67000 rw-p 00022000 fe:00 133516                     /root/.gradle/jdks/eclipse_adoptium-25-amd64-linux.2/lib/libjava.so
7fc2fbd67000-7fc2fbd68000 rw-p 00000000 00:00 0 
7fc2fbd68000-7fc2fbd70000 rw-s 00000000 fe:00 134273                     /tmp/hsperfdata_root/2070
7fc2fbd70000-7fc2fbd74000 r--p 00000000 fe:00 133535                     /root/.gradle/jdks/eclipse_adoptium-25-amd64-linux.2/lib/libjimage.so
7fc2fbd74000-7fc2fbd8c000 r-xp 00004000 fe:00 133535                     /root/.gradle/jdks/eclipse_adoptium-25-amd64-linux.2/lib/libjimage.so
7fc2fbd8c000-7fc2fbd92000 r--p 0001c000 fe:00 133535                     /root/.gradle/jdks/eclipse_adoptium-25-amd64-linux.2/lib/libjimage.so
7fc2fbd92000-7fc2fbd94000 r--p 00021000 fe:00 133535                     /root/.gradle/jdks/eclipse_adoptium-25-amd64-linux.2/lib/libjimage.so
7fc2fbd94000-7fc2fbd95000 rw-p 00023000 fe:00 133535                     /root/.gradle/jdks/eclipse_adoptium-25-amd64-linux.2/lib/libjimage.so
7fc2fbd95000-7fc2fbd99000 ---p 00000000 00:00 0 
7fc2fbd99000-7fc2fbe95000 rw-p 00000000 00:00 0 
7fc2fbe95000-7fc2fbea5000 r--p 00000000 00:25 18057                      /usr/lib/x86_64-linux-gnu/libm.so.6
7fc2fbea5000-7fc2fbf19000 r-xp 00010000 00:25 18057                      /usr/lib/x86_64-linux-gnu/libm.so.6
7fc2fbf19000-7fc2fbf73000 r--p 00084000 00:25 18057                      /usr/lib/x86_64-linux-gnu/libm.so.6
7fc2fbf73000-7fc2fbf74000 r--p 000dd000 00:25 18057                      /usr/lib/x86_64-linux-gnu/libm.so.6
7fc2fbf74000-7fc2fbf75000 rw-p 000de000 00:25 18057                      /usr/lib/x86_64-linux-gnu/libm.so.6
7fc2fbf75000-7fc2fbf76000 r--p 00000000 00:25 18172                      /usr/lib/x86_64-linux-gnu/librt.so.1
7fc2fbf76000-7fc2fbf77000 r-xp 00001000 00:25 18172                      /usr/lib/x86_64-linux-gnu/librt.so.1
7fc2fbf77000-7fc2fbf78000 r--p 00002000 00:25 18172                      /usr/lib/x86_64-linux-gnu/librt.so.1
7fc2fbf78000-7fc2fbf79000 r--p 00002000 00:25 18172                      /usr/lib/x86_64-linux-gnu/librt.so.1
7fc2fbf79000-7fc2fbf7a000 rw-p 00003000 00:25 18172                      /usr/lib/x86_64-linux-gnu/librt.so.1
7fc2fbf7a000-7fc2fc25d000 r--p 00000000 fe:00 133486                     /root/.gradle/jdks/eclipse_adoptium-25-amd64-linux.2/lib/server/libjvm.so
7fc2fc25d000-7fc2fd2fa000 r-xp 002e3000 fe:00 133486                     /root/.gradle/jdks/eclipse_adoptium-25-amd64-linux.2/lib/server/libjvm.so
7fc2fd2fa000-7fc2fd60c000 r--p 01380000 fe:00 133486                     /root/.gradle/jdks/eclipse_adoptium-25-amd64-linux.2/lib/server/libjvm.so
7fc2fd60c000-7fc2fd6f8000 r--p 01691000 fe:00 133486                     /root/.gradle/jdks/eclipse_adoptium-25-amd64-linux.2/lib/server/libjvm.so
7fc2fd6f8000-7fc2fd723000 rw-p 0177d000 fe:00 133486                     /root/.gradle/jdks/eclipse_adoptium-25-amd64-linux.2/lib/server/libjvm.so
7fc2fd723000-7fc2fd7a1000 rw-p 00000000 00:00 0 
7fc2fd7a1000-7fc2fd7a2000 r--p 00000000 00:25 18147                      /usr/lib/x86_64-linux-gnu/libpthread.so.0
7fc2fd7a2000-7fc2fd7a3000 r-xp 00001000 00:25 18147                      /usr/lib/x86_64-linux-gnu/libpthread.so.0
7fc2fd7a3000-7fc2fd7a4000 r--p 00002000 00:25 18147                      /usr/lib/x86_64-linux-gnu/libpthread.so.0
7fc2fd7a4000-7fc2fd7a5000 r--p 00002000 00:25 18147                      /usr/lib/x86_64-linux-gnu/libpthread.so.0
7fc2fd7a5000-7fc2fd7a6000 rw-p 00003000 00:25 18147                      /usr/lib/x86_64-linux-gnu/libpthread.so.0
7fc2fd7a6000-7fc2fd7a7000 r--p 00000000 00:25 17896                      /usr/lib/x86_64-linux-gnu/libdl.so.2
7fc2fd7a7000-7fc2fd7a8000 r-xp 00001000 00:25 17896                      /usr/lib/x86_64-linux-gnu/libdl.so.2
7fc2fd7a8000-7fc2fd7a9000 r--p 00002000 00:25 17896                      /usr/lib/x86_64-linux-gnu/libdl.so.2
7fc2fd7a9000-7fc2fd7aa000 r--p 00002000 00:25 17896                      /usr/lib/x86_64-linux-gnu/libdl.so.2
7fc2fd7aa000-7fc2fd7ab000 rw-p 00003000 00:25 17896                      /usr/lib/x86_64-linux-gnu/libdl.so.2
7fc2fd7ab000-7fc2fd7d1000 r--p 00000000 00:25 17847                      /usr/lib/x86_64-linux-gnu/libc.so.6
7fc2fd7d1000-7fc2fd927000 r-xp 00026000 00:25 17847                      /usr/lib/x86_64-linux-gnu/libc.so.6
7fc2fd927000-7fc2fd97a000 r--p 0017c000 00:25 17847                      /usr/lib/x86_64-linux-gnu/libc.so.6
7fc2fd97a000-7fc2fd97e000 r--p 001cf000 00:25 17847                      /usr/lib/x86_64-linux-gnu/libc.so.6
7fc2fd97e000-7fc2fd980000 rw-p 001d3000 00:25 17847                      /usr/lib/x86_64-linux-gnu/libc.so.6
7fc2fd980000-7fc2fd98d000 rw-p 00000000 00:00 0 
7fc2fd98d000-7fc2fd98e000 r--p 00000000 00:25 13880                      /usr/lib/locale/C.utf8/LC_ADDRESS
7fc2fd98e000-7fc2fd98f000 r--p 00000000 00:25 13890                      /usr/lib/locale/C.utf8/LC_TELEPHONE
7fc2fd98f000-7fc2fd990000 r--p 00000000 00:25 13884                      /usr/lib/locale/C.utf8/LC_MEASUREMENT
7fc2fd990000-7fc2fd991000 r--p 00000000 00:25 13883                      /usr/lib/locale/C.utf8/LC_IDENTIFICATION
7fc2fd991000-7fc2fd992000 ---p 00000000 00:00 0 
7fc2fd992000-7fc2fd993000 r--p 00000000 00:00 0 
7fc2fd993000-7fc2fd994000 ---p 00000000 00:00 0 
7fc2fd994000-7fc2fd997000 r--p 00000000 fe:00 133495                     /root/.gradle/jdks/eclipse_adoptium-25-amd64-linux.2/lib/libjli.so
7fc2fd997000-7fc2fd9a8000 r-xp 00003000 fe:00 133495                     /root/.gradle/jdks/eclipse_adoptium-25-amd64-linux.2/lib/libjli.so
7fc2fd9a8000-7fc2fd9af000 r--p 00014000 fe:00 133495                     /root/.gradle/jdks/eclipse_adoptium-25-amd64-linux.2/lib/libjli.so
7fc2fd9af000-7fc2fd9b0000 r--p 0001a000 fe:00 133495                     /root/.gradle/jdks/eclipse_adoptium-25-amd64-linux.2/lib/libjli.so
7fc2fd9b0000-7fc2fd9b1000 rw-p 0001b000 fe:00 133495                     /root/.gradle/jdks/eclipse_adoptium-25-amd64-linux.2/lib/libjli.so
7fc2fd9b1000-7fc2fd9b3000 rw-p 00000000 00:00 0 
7fc2fd9b3000-7fc2fd9b4000 r--p 00000000 00:25 17633                      /usr/lib/x86_64-linux-gnu/ld-linux-x86-64.so.2
7fc2fd9b4000-7fc2fd9da000 r-xp 00001000 00:25 17633                      /usr/lib/x86_64-linux-gnu/ld-linux-x86-64.so.2
7fc2fd9da000-7fc2fd9e4000 r--p 00027000 00:25 17633                      /usr/lib/x86_64-linux-gnu/ld-linux-x86-64.so.2
7fc2fd9e4000-7fc2fd9e6000 r--p 00031000 00:25 17633                      /usr/lib/x86_64-linux-gnu/ld-linux-x86-64.so.2
7fc2fd9e6000-7fc2fd9e8000 rw-p 00033000 00:25 17633                      /usr/lib/x86_64-linux-gnu/ld-linux-x86-64.so.2
7ffc39e95000-7ffc39eb6000 rw-p 00000000 00:00 0                          [stack]
7ffc39ed8000-7ffc39edb000 r--p 00000000 00:00 0                          [vvar]
7ffc39edb000-7ffc39edd000 r-xp 00000000 00:00 0                          [vdso]
ffffffffff600000-ffffffffff601000 r-xp 00000000 00:00 0                  [vsyscall]
Total number of mappings: 217

JVMTI agents: none


VM Arguments:
jvm_args: -Xmx4g -Dfile.encoding=UTF-8 -Duser.country -Duser.language=en -Duser.variant 
java_command: org.jetbrains.java.decompiler.main.decompiler.ConsoleDecompiler -log=error --decompile-inner --remove-bridge --decompile-generics --ascii-strings --remove-synthetic --include-classpath --ignore-invalid-bytecode --bytecode-source-mapping --dump-code-lines --indent-string=     -cfg=/workspace/build/neoForm/neoFormJoined26.1.2-1/steps/listLibraries/libraries.txt /workspace/build/neoForm/neoFormJoined26.1.2-1/steps/setup/outputs.jar /workspace/build/neoForm/neoFormJoined26.1.2-1/steps/decompile/outputs.jar
java_class_path (initial): /root/.gradle/caches/modules-2/files-2.1/net.neoforged/vineflower-plugins/0.1.5/dd9b3ec730bc38defe928b0871e60e7a60b0119a/vineflower-plugins-0.1.5.jar:/root/.gradle/caches/modules-2/files-2.1/org.vineflower/vineflower/1.11.2/f02c1f554d5bd9cc0fd74d4977efba364d85e739/vineflower-1.11.2.jar
Launcher Type: SUN_STANDARD

[Global flags]
     intx CICompilerCount                          = 2                                         {product} {ergonomic}
     uint ConcGCThreads                            = 1                                         {product} {ergonomic}
     uint G1ConcRefinementThreads                  = 2                                         {product} {ergonomic}
   size_t G1HeapRegionSize                         = 2097152                                   {product} {ergonomic}
   size_t InitialHeapSize                          = 33554432                                  {product} {ergonomic}
   size_t MarkStackSize                            = 4194304                                   {product} {ergonomic}
   size_t MarkStackSizeMax                         = 536870912                                 {product} {ergonomic}
   size_t MaxHeapSize                              = 4294967296                                {product} {command line}
   size_t MaxNewSize                               = 2575302656                                {product} {ergonomic}
   size_t MinHeapDeltaBytes                        = 2097152                                   {product} {ergonomic}
   size_t MinHeapSize                              = 8388608                                   {product} {ergonomic}
    uintx NonNMethodCodeHeapSize                   = 5828608                                {pd product} {ergonomic}
    uintx NonProfiledCodeHeapSize                  = 122916864                              {pd product} {ergonomic}
    uintx ProfiledCodeHeapSize                     = 122916864                              {pd product} {ergonomic}
    uintx ReservedCodeCacheSize                    = 251662336                              {pd product} {ergonomic}
     bool SegmentedCodeCache                       = true                                      {product} {ergonomic}
   size_t SoftMaxHeapSize                          = 4294967296                             {manageable} {ergonomic}
     bool UseCompressedOops                        = true                           {product lp64_product} {ergonomic}
     bool UseG1GC                                  = true                                      {product} {ergonomic}

Logging:
Log output configuration:
 #0: stdout all=warning uptime,level,tags foldmultilines=false
 #1: stderr all=off uptime,level,tags foldmultilines=false

Release file:
IMPLEMENTOR="Eclipse Adoptium"
IMPLEMENTOR_VERSION="Temurin-25.0.4.1+1"
JAVA_RUNTIME_VERSION="25.0.4.1+1-LTS"
JAVA_VERSION="25.0.4.1"
JAVA_VERSION_DATE="2026-08-18"
LIBC="gnu"
MODULES="java.base java.compiler java.datatransfer java.xml java.prefs java.desktop java.instrument java.logging java.management java.security.sasl java.naming java.rmi java.management.rmi java.net.http java.scripting java.security.jgss java.transaction.xa java.sql java.sql.rowset java.xml.crypto java.se java.smartcardio jdk.accessibility jdk.internal.jvmstat jdk.attach jdk.charsets jdk.internal.opt jdk.zipfs jdk.compiler jdk.crypto.cryptoki jdk.crypto.ec jdk.dynalink jdk.internal.ed jdk.editpad jdk.internal.vm.ci jdk.graal.compiler jdk.graal.compiler.management jdk.hotspot.agent jdk.httpserver jdk.incubator.vector jdk.internal.le jdk.internal.md jdk.jartool jdk.javadoc jdk.jcmd jdk.management jdk.management.agent jdk.jconsole jdk.jdeps jdk.jdwp.agent jdk.jdi jdk.jfr jdk.jlink jdk.jpackage jdk.jshell jdk.jsobject jdk.jstatd jdk.localedata jdk.management.jfr jdk.naming.dns jdk.naming.rmi jdk.net jdk.nio.mapmode jdk.sctp jdk.security.auth jdk.security.jgss jdk.unsupported jdk.unsupported.desktop jdk.xml.dom"
OS_ARCH="x86_64"
OS_NAME="Linux"
SOURCE=".:git:520406d87195"
BUILD_SOURCE="git:e6ba7dec3d07654074559310376a3ae89da5f4ac"
BUILD_SOURCE_REPO="https://github.com/adoptium/temurin-build.git"
SOURCE_REPO="https://github.com/adoptium/jdk25u.git"
FULL_VERSION="25.0.4.1+1-LTS"
SEMANTIC_VERSION="25.0.4.1+1"
BUILD_INFO="OS: Linux Version: 6.8.0-1064-azure"
JVM_VARIANT="Hotspot"
JVM_VERSION="25.0.4.1+1-LTS"
IMAGE_TYPE="JDK"

Environment Variables:
PATH=/usr/local/sbin:/usr/local/bin:/usr/sbin:/usr/bin:/sbin:/bin
SHELL=/bin/bash
LANG=C.UTF-8
LC_ALL=C.UTF-8
TERM=tmux-256color

Active Locale:
LC_ALL=C.UTF-8
LC_COLLATE=C.UTF-8
LC_CTYPE=C.UTF-8
LC_MESSAGES=C.UTF-8
LC_MONETARY=C.UTF-8
LC_NUMERIC=C.UTF-8
LC_TIME=C.UTF-8

Signal Handlers:
   SIGSEGV: crash_handler in libjvm.so, mask=11100100010111111101111111111110, flags=SA_RESTART|SA_SIGINFO, unblocked
    SIGBUS: crash_handler in libjvm.so, mask=11100100010111111101111111111110, flags=SA_RESTART|SA_SIGINFO, unblocked
    SIGFPE: crash_handler in libjvm.so, mask=11100100010111111101111111111110, flags=SA_RESTART|SA_SIGINFO, unblocked
   SIGPIPE: javaSignalHandler in libjvm.so, mask=11100100010111111101111111111110, flags=SA_RESTART|SA_SIGINFO, unblocked
   SIGXFSZ: javaSignalHandler in libjvm.so, mask=11100100010111111101111111111110, flags=SA_RESTART|SA_SIGINFO, unblocked
    SIGILL: crash_handler in libjvm.so, mask=11100100010111111101111111111110, flags=SA_RESTART|SA_SIGINFO, unblocked
   SIGUSR2: SR_handler in libjvm.so, mask=00100000000000000000000000000000, flags=SA_RESTART|SA_SIGINFO, unblocked
    SIGHUP: UserHandler in libjvm.so, mask=11100100010111111101111111111110, flags=SA_RESTART|SA_SIGINFO, unblocked
    SIGINT: UserHandler in libjvm.so, mask=11100100010111111101111111111110, flags=SA_RESTART|SA_SIGINFO, unblocked
   SIGTERM: UserHandler in libjvm.so, mask=11100100010111111101111111111110, flags=SA_RESTART|SA_SIGINFO, unblocked
   SIGQUIT: UserHandler in libjvm.so, mask=11100100010111111101111111111110, flags=SA_RESTART|SA_SIGINFO, unblocked
   SIGTRAP: crash_handler in libjvm.so, mask=11100100010111111101111111111110, flags=SA_RESTART|SA_SIGINFO, unblocked


Compilation memory statistics disabled.

Periodic native trim disabled

---------------  S Y S T E M  ---------------

OS:
PRETTY_NAME="Debian GNU/Linux 12 (bookworm)"
NAME="Debian GNU/Linux"
VERSION_ID="12"
VERSION="12 (bookworm)"
VERSION_CODENAME=bookworm
ID=debian
HOME_URL="https://www.debian.org/"
SUPPORT_URL="https://www.debian.org/support"
BUG_REPORT_URL="https://bugs.debian.org/"
uname: Linux 4.19.91-c8dfc93.al7.x86_64 #1 SMP Tue Sep 26 10:25:51 UTC 2023 x86_64
OS uptime: 0 days 0:28 hours
libc: glibc 2.36 NPTL 2.36 
rlimit (soft/hard): STACK 8192k/infinity , CORE 0k/0k , NPROC 100000/100000 , NOFILE 100000/100000 , AS infinity/infinity , CPU infinity/infinity , DATA infinity/infinity , FSIZE infinity/infinity , MEMLOCK 64k/64k
load average: 1.34 0.47 0.19

/proc/meminfo:
MemTotal:        2152516 kB
MemFree:           95492 kB
MemAvailable:     373472 kB
Buffers:            6736 kB
Cached:           317612 kB
SwapCached:            0 kB
Active:          1801240 kB
Inactive:         160936 kB
Active(anon):    1637844 kB
Inactive(anon):       16 kB
Active(file):     163396 kB
Inactive(file):   160920 kB
Unevictable:           0 kB
Mlocked:               0 kB
SwapTotal:             0 kB
SwapFree:              0 kB
Dirty:             33984 kB
Writeback:             0 kB
AnonPages:       1637876 kB
Mapped:            56284 kB
Shmem:                36 kB
Slab:              44080 kB
SReclaimable:      30792 kB
SUnreclaim:        13288 kB
KernelStack:        3808 kB
PageTables:         5196 kB
NFS_Unstable:          0 kB
Bounce:                0 kB
WritebackTmp:          0 kB
CommitLimit:     1076256 kB
Committed_AS:    2015772 kB
VmallocTotal:   34359738367 kB
VmallocUsed:           0 kB
VmallocChunk:          0 kB
Percpu:              400 kB
AnonHugePages:    741376 kB
ShmemHugePages:        0 kB
ShmemPmdMapped:        0 kB
HugePages_Total:       0
HugePages_Free:        0
HugePages_Rsvd:        0
HugePages_Surp:        0
Hugepagesize:       2048 kB
Hugetlb:               0 kB
DirectMap4k:        8192 kB
DirectMap2M:     2523136 kB
DirectMap1G:           0 kB

/sys/kernel/mm/transparent_hugepage/enabled: [always] madvise never
/sys/kernel/mm/transparent_hugepage/hpage_pmd_size: 2097152
/sys/kernel/mm/transparent_hugepage/shmem_enabled: always within_size advise [never] deny force
/sys/kernel/mm/transparent_hugepage/defrag (defrag/compaction efforts parameter): always defer defer+madvise madvise [never]

Process Memory:
Virtual Size: 6201280K (peak: 6879008K)
Resident Set Size: 443788K (peak: 443788K) (anon: 417724K, file: 26064K, shmem: 0K)
Swapped out: 0K
C-Heap outstanding allocations: 34003K, retained: 23308K
glibc malloc tunables: (default)

/proc/sys/kernel/threads-max (system-wide limit on the number of threads): 1129
/proc/sys/vm/max_map_count (maximum number of memory map areas a process may have): 65530
/proc/sys/vm/swappiness (control to define how aggressively the kernel swaps out anonymous memory): 60
/proc/sys/kernel/pid_max (system-wide limit on number of process identifiers): 32768

container (cgroup) information:
container_type: cgroupv1
cpu_cpuset_cpus: 0-1
cpu_memory_nodes: 0
active_processor_count: 2
cpu_quota: no quota
cpu_period: 100000
cpu_shares: 12288
cpu_usage_in_micros: 208898413
memory_limit_in_bytes: 2097152 k
memory_and_swap_limit_in_bytes: unlimited
memory_soft_limit_in_bytes: unlimited
memory_throttle_limit_in_bytes: not supported
memory_usage_in_bytes: 1995352 k
memory_max_usage_in_bytes: 1995352 k
rss_usage_in_bytes: 1630804 k
cache_usage_in_bytes: 323704 k
kernel_memory_limit_in_bytes: unlimited
kernel_memory_usage_in_bytes: 40432 k
kernel_memory_max_usage_in_bytes: 70020 k
maximum number of tasks: unlimited
current number of tasks: 164

KVM virtualization detected
Steal ticks since vm start: 681
Steal ticks percentage since vm start:  0.495

CPU: total 2 (initial active 2) (2 cores per cpu, 1 threads per core) family 6 model 85 stepping 7 microcode 0x1, cx8, cmov, fxsr, mmx, 3dnowpref, sse, sse2, sse3, ssse3, sse4.1, sse4.2, popcnt, lzcnt, tsc, tscinvbit, avx, avx2, aes, erms, clmul, bmi1, bmi2, adx, avx512f, avx512dq, avx512cd, avx512bw, avx512vl, fma, vzeroupper, avx512_vnni, clflush, clflushopt, clwb, hv, rdtscp, f16c
CPU Model and flags from /proc/cpuinfo:
model name	: Intel(R) Xeon(R) Processor @ 2.50GHz
flags		: fpu vme de pse tsc msr pae mce cx8 apic sep mtrr pge mca cmov pat pse36 clflush mmx fxsr sse sse2 ss ht syscall nx pdpe1gb rdtscp lm constant_tsc rep_good nopl xtopology nonstop_tsc cpuid tsc_known_freq pni pclmulqdq ssse3 fma cx16 pcid sse4_1 sse4_2 x2apic movbe popcnt tsc_deadline_timer aes xsave avx f16c rdrand hypervisor lahf_lm abm 3dnowprefetch cpuid_fault invpcid_single ssbd ibrs ibpb stibp ibrs_enhanced fsgsbase tsc_adjust bmi1 avx2 smep bmi2 erms invpcid mpx avx512f avx512dq rdseed adx smap clflushopt clwb avx512cd avx512bw avx512vl xsaveopt xsavec xgetbv1 xsaves umip avx512_vnni md_clear arch_capabilities

Online cpus: 0-1
Offline cpus: 
BIOS frequency limitation: <Not Available>
Frequency switch latency (ns): <Not Available>
Available cpu frequencies: <Not Available>
Current governor: <Not Available>
Core performance/turbo boost: <Not Available>

Memory: 4k page, physical 2097152k(101800k free), swap 0k(0k free)
Page Sizes: 4k

vm_info: OpenJDK 64-Bit Server VM (25.0.4.1+1-LTS) for linux-amd64 JRE (25.0.4.1+1-LTS), built on 2026-08-18T00:00:00Z with gcc 14.2.0

END.
